Archive member included because of file (symbol)

irq/irq_code.a(irqUart.o)     uart.o (uart1ISR)
../startup/libea_startup_thumb.a(consol.o)
                              testAdc.o (consolSendNumber)
../startup/libea_startup_thumb.a(startup.o)
                              (_startup)
../startup/libea_startup_thumb.a(framework.o)
                              ../startup/libea_startup_thumb.a(startup.o) (exceptionHandlerInit)
../pre_emptive_os/pre_emptive_os.a(kernel.o)
                              main.o (osInit)
../pre_emptive_os/pre_emptive_os.a(prioqueue.o)
                              ../pre_emptive_os/pre_emptive_os.a(kernel.o) (initPrioQueue)
../pre_emptive_os/pre_emptive_os.a(timer.o)
                              ../pre_emptive_os/pre_emptive_os.a(kernel.o) (timerTick)
../pre_emptive_os/pre_emptive_os.a(stack_usage.o)
                              ../pre_emptive_os/pre_emptive_os.a(kernel.o) (createStackPattern)
../pre_emptive_os/pre_emptive_os.a(a7hal.o)
                              ../pre_emptive_os/pre_emptive_os.a(kernel.o) (stkFrameInit_oshal)
../pre_emptive_os/pre_emptive_os.a(a7hal_a.o)
                              ../pre_emptive_os/pre_emptive_os.a(kernel.o) (startHighProc_oshal)
../pre_emptive_os/pre_emptive_os.a(count_sem.o)
                              ../pre_emptive_os/pre_emptive_os.a(timer.o) (osSemInit)
../pre_emptive_os/pre_emptive_os.a(event.o)
                              ../pre_emptive_os/pre_emptive_os.a(count_sem.o) (eventInit)
pff2/pff2_sd.a(pff.o)         functions.o (pf_readdir)
pff2/pff2_sd.a(diskio.o)      pff2/pff2_sd.a(pff.o) (disk_readp)
pff2/pff2_sd.a(sd.o)          pff2/pff2_sd.a(diskio.o) (sdResp8bError)
pff2/pff2_sd.a(spi.o)         pff2/pff2_sd.a(diskio.o) (setSpiSpeed)
/cygdrive/c/Embedded/GNUARM/bin/../lib/gcc/arm-elf/4.1.1/interwork/libgcc.a(_udivsi3.o)
                              lcd.o (__udivsi3)
/cygdrive/c/Embedded/GNUARM/bin/../lib/gcc/arm-elf/4.1.1/interwork/libgcc.a(_divsi3.o)
                              ../pre_emptive_os/pre_emptive_os.a(stack_usage.o) (__divsi3)
/cygdrive/c/Embedded/GNUARM/bin/../lib/gcc/arm-elf/4.1.1/interwork/libgcc.a(_umodsi3.o)
                              lcd.o (__umodsi3)
/cygdrive/c/Embedded/GNUARM/bin/../lib/gcc/arm-elf/4.1.1/interwork/libgcc.a(_modsi3.o)
                              main.o (__modsi3)
/cygdrive/c/Embedded/GNUARM/bin/../lib/gcc/arm-elf/4.1.1/interwork/libgcc.a(_dvmd_tls.o)
                              /cygdrive/c/Embedded/GNUARM/bin/../lib/gcc/arm-elf/4.1.1/interwork/libgcc.a(_udivsi3.o) (__div0)
/cygdrive/c/Embedded/GNUARM/bin/../lib/gcc/arm-elf/4.1.1/interwork/libgcc.a(_call_via_rX.o)
                              ../pre_emptive_os/pre_emptive_os.a(timer.o) (_call_via_r4)
/cygdrive/c/Embedded/GNUARM/bin/../lib/gcc/arm-elf/4.1.1/../../../../arm-elf/lib/interwork/libc.a(atoi.o)
                              ../startup/libea_startup_thumb.a(consol.o) (atoi)
/cygdrive/c/Embedded/GNUARM/bin/../lib/gcc/arm-elf/4.1.1/../../../../arm-elf/lib/interwork/libc.a(memcpy.o)
                              ../startup/libea_startup_thumb.a(consol.o) (memcpy)
/cygdrive/c/Embedded/GNUARM/bin/../lib/gcc/arm-elf/4.1.1/../../../../arm-elf/lib/interwork/libc.a(printf.o)
                              pff2/pff2_sd.a(sd.o) (printf)
/cygdrive/c/Embedded/GNUARM/bin/../lib/gcc/arm-elf/4.1.1/../../../../arm-elf/lib/interwork/libc.a(puts.o)
                              pff2/pff2_sd.a(sd.o) (puts)
/cygdrive/c/Embedded/GNUARM/bin/../lib/gcc/arm-elf/4.1.1/../../../../arm-elf/lib/interwork/libc.a(strcat.o)
                              functions.o (strcat)
/cygdrive/c/Embedded/GNUARM/bin/../lib/gcc/arm-elf/4.1.1/../../../../arm-elf/lib/interwork/libc.a(strcpy.o)
                              functions.o (strcpy)
/cygdrive/c/Embedded/GNUARM/bin/../lib/gcc/arm-elf/4.1.1/../../../../arm-elf/lib/interwork/libc.a(strlen.o)
                              functions.o (strlen)
/cygdrive/c/Embedded/GNUARM/bin/../lib/gcc/arm-elf/4.1.1/../../../../arm-elf/lib/interwork/libc.a(strncat.o)
                              functions.o (strncat)
/cygdrive/c/Embedded/GNUARM/bin/../lib/gcc/arm-elf/4.1.1/../../../../arm-elf/lib/interwork/libc.a(strncpy.o)
                              functions.o (strncpy)
/cygdrive/c/Embedded/GNUARM/bin/../lib/gcc/arm-elf/4.1.1/../../../../arm-elf/lib/interwork/libc.a(strtol.o)
                              /cygdrive/c/Embedded/GNUARM/bin/../lib/gcc/arm-elf/4.1.1/../../../../arm-elf/lib/interwork/libc.a(atoi.o) (_strtol_r)
/cygdrive/c/Embedded/GNUARM/bin/../lib/gcc/arm-elf/4.1.1/../../../../arm-elf/lib/interwork/libc.a(vfprintf.o)
                              /cygdrive/c/Embedded/GNUARM/bin/../lib/gcc/arm-elf/4.1.1/../../../../arm-elf/lib/interwork/libc.a(printf.o) (_vfprintf_r)
/cygdrive/c/Embedded/GNUARM/bin/../lib/gcc/arm-elf/4.1.1/../../../../arm-elf/lib/interwork/libc.a(wcrtomb.o)
[...]
Memory Configuration

Name             Origin             Length             Attributes
FLASH            0x00000000         0x00080000         xr
RAM              0x40000000         0x00008000         rw
*default*        0x00000000         0xffffffff

Linker script and memory map

LOAD main.o
LOAD eeprom.o
LOAD i2c.o
LOAD uart.o
LOAD testAdc.o
LOAD testLcd.o
LOAD testRGB.o
LOAD lcd.o
LOAD lcd_hw.o
LOAD key.o
LOAD functions.o
LOAD irq/irq_code.a
LOAD ../startup/libea_startup_thumb.a
LOAD ../pre_emptive_os/pre_emptive_os.a
LOAD usb/libusb.a
LOAD pff2/pff2_sd.a
START GROUP
LOAD /cygdrive/c/Embedded/GNUARM/bin/../lib/gcc/arm-elf/4.1.1/interwork/libgcc.a
LOAD /cygdrive/c/Embedded/GNUARM/bin/../lib/gcc/arm-elf/4.1.1/../../../../arm-elf/lib/interwork/libc.a
END GROUP

.text           0x00000000     0xd688
 *startup.o(.text)
 .text          0x00000000      0x1d8 ../startup/libea_startup_thumb.a(startup.o)
                0x00000000                _startup
 *(.text)
 .text          0x000001d8      0x5d8 main.o
                0x000002a8                appTick
                0x000002b8                main
 .text          0x000007b0      0x23c eeprom.o
                0x00000900                lm75Read
                0x000007b0                eepromWrite
                0x0000081c                eepromPoll
                0x00000974                eepromPageRead
                0x00000868                eepromStartRead
 .text          0x000009ec      0x3a0 i2c.o
                0x00000a04                i2cInit
                0x00000c48                i2cRead
                0x00000b74                i2cWriteWithWait
                0x00000a50                i2cStart
                0x00000a9c                i2cStop
                0x000009ec                i2cCheckStatus
                0x00000af0                i2cGetChar
                0x00000bfc                i2cRepeatStart
                0x00000ce8                i2cWrite
                0x00000b48                i2cWaitTransmit
                0x00000ba4                i2cMyWrite
                0x00000ac4                i2cPutChar
 .text          0x00000d8c      0x204 uart.o
                0x00000eb0                uart1SendChar
                0x00000f34                uart1SendChars
                0x00000f78                uart1SendString
                0x00000f5c                uart1SendCh
                0x00000d8c                initUart1
                0x00000e64                uart1GetChar
                0x00000e94                uart1GetCh
 .text          0x00000f90      0x2b4 testAdc.o
                0x00000fc8                testAdc
 .text          0x00001244        0x0 testLcd.o
 .text          0x00001244        0x0 testRGB.o
 .text          0x00001244      0x5e0 lcd.o
                0x00001244                lcdColor
                0x00001428                lcdPutsNumber
                0x00001480                lcdWindow
                0x000016c0                lcdClrscr
                0x00001588                lcdRectBrd
                0x000013c4                lcdPutchar
                0x0000169c                lcdContrast
                0x00001714                lcdOff
                0x00001730                lcdInit
                0x000014d8                lcdIcon
                0x000012fc                lcdData
                0x00001258                lcdWrdata
                0x00001638                lcdRect
                0x00001280                lcdWrcmd
                0x00001468                lcdPuts
                0x000014b0                lcdGotoxy
 .text          0x00001824       0xd8 lcd_hw.o
                0x00001824                sendToLCD
                0x000018c0                initSpiForLcd
                0x000018a0                selectLCD
 .text          0x000018fc      0x240 key.o
                0x0000195c                checkKey2
                0x00001968                sampleKey
                0x00001adc                initKeyProc
                0x0000194c                checkKey
                0x000018fc                getKeys
 .text          0x00001b3c      0x118 functions.o
                0x00001ba4                listDir
                0x00001b3c                filesList
 .text          0x00001c54      0x1e4 irq/irq_code.a(irqUart.o)
                0x00001c54                uart1ISR
                0x00001e30                restoreIrq
                0x00001e10                disIrq
 .text          0x00001e38      0x67c ../startup/libea_startup_thumb.a(consol.o)
                0x000022f0                consolGetIntNum
                0x00001f2c                consolSendCh
                0x000020f8                consolGetString
                0x00001f9c                consolSendNumber
                0x000020b4                consolGetCh
                0x00001f0c                consolSendChar
                0x00002170                simplePrintf
                0x00001f70                consolSendString
                0x000023d0                consolScanf
                0x000020d4                consolGetChar
                0x00001ebc                consolInit
 .text          0x000024b4      0x2c0 ../startup/libea_startup_thumb.a(framework.o)
                0x000025e0                InicjalizacjaKonsoli
                0x0000252c                lowLevelInit
                0x000024b4                exceptionHandlerInit
 .text          0x00002774      0x4f8 ../pre_emptive_os/pre_emptive_os.a(kernel.o)
                0x00002af0                osTick
                0x00002bb4                rmvFromRdyList
                0x00002910                osGetHighPrioProc
                0x00002bd0                osSuspend
                0x00002824                osInit
                0x00002c04                osDeleteProcess
                0x00002850                osISREnter
                0x0000292c                schedule
                0x00002874                osCreateProcess
                0x00002a70                addToRdyList
                0x000027c0                addToTimeList
                0x00002a84                osResume
                0x00002774                osPid
                0x00002c34                osSleep
                0x00002998                osISRExit
                0x00002a00                osStart
                0x00002a2c                rmvFromTimeList
                0x00002b4c                osStartProcess
 .text          0x00002c6c      0x124 ../pre_emptive_os/pre_emptive_os.a(prioqueue.o)
                0x00002c6c                initPrioQueue
                0x00002cd4                rmvFromPrioQueue
                0x00002c8c                addToPrioQueue
                0x00002d70                isEmptyPrioQueue
                0x00002d38                getHighPrioQueue
 .text          0x00002d90      0x218 ../pre_emptive_os/pre_emptive_os.a(timer.o)
                0x00002d90                timerTick
                0x00002f04                osInitTimers
                0x00002ea0                osDeleteTimer
                0x00002e74                osCreateTimer
 .text          0x00002fa8       0xa4 ../pre_emptive_os/pre_emptive_os.a(stack_usage.o)
                0x00002fa8                osStackUsage
                0x00002fec                createStackPattern
                0x0000300c                checkStackLimit
 .text          0x0000304c      0x1ec ../pre_emptive_os/pre_emptive_os.a(a7hal.o)
                0x00003084                stkFrameInit_oshal
                0x0000304c                timerIsr_oshal
                0x00003164                halRestoreInterrupts_oshal
                0x0000316c                initTimer_oshal
                0x00003154                halEnableInterrupts_oshal
                0x00003204                handleIRQs_oshal
                0x00003134                halDisableInterrupts_oshal
 .text          0x00003238       0xc4 ../pre_emptive_os/pre_emptive_os.a(a7hal_a.o)
                0x00003244                startHighProc_oshal
                0x0000326c                ctxSwitchIsr_oshal
                0x0000324c                ctxSwitch_oshal
                0x0000328c                generalIRQ_oshal
 .text          0x000032fc      0x144 ../pre_emptive_os/pre_emptive_os.a(count_sem.o)
                0x0000339c                osSemGive
                0x00003400                osSemTryTake
                0x000032fc                osSemInit
                0x00003310                osSemTake
 .text          0x00003440       0xd8 ../pre_emptive_os/pre_emptive_os.a(event.o)
                0x00003450                eventWait
                0x00003440                eventInit
                0x000034b8                eventIsEmpty
                0x00003488                eventWaitReturn
                0x000034c8                eventSignal
 .text          0x00003518      0xe90 pff2/pff2_sd.a(pff.o)
                0x00003c10                pf_readdir
                0x00003814                pf_lseek
                0x0000395c                pf_read
                0x000040a8                pf_open
                0x0000400c                pf_opendir
                0x00004170                pf_mount
 .text          0x000043a8      0x1fc pff2/pff2_sd.a(diskio.o)
                0x000043a8                disk_readp
                0x00004548                disk_initialize
 .text          0x000045a4      0x2d4 pff2/pff2_sd.a(sd.o)
                0x00004670                sdCommand
                0x000045a4                sdResp8bError
                0x000047e4                sdInit
                0x000045a8                sdResp8b
                0x00004618                sdResp16b
                0x000046ec                sdState
 .text          0x00004878      0x110 pff2/pff2_sd.a(spi.o)
                0x00004894                my_spiSend
                0x00004908                initSpi
                0x00004878                setSpiSpeed
                0x000048c0                spiSend
 .text          0x00004988      0x114 /cygdrive/c/Embedded/GNUARM/bin/../lib/gcc/arm-elf/4.1.1/interwork/libgcc.a(_udivsi3.o)
                0x00004988                __udivsi3
                0x00004988                __aeabi_uidiv
                0x00004a84                __aeabi_uidivmod
 .text          0x00004a9c      0x144 /cygdrive/c/Embedded/GNUARM/bin/../lib/gcc/arm-elf/4.1.1/interwork/libgcc.a(_divsi3.o)
                0x00004a9c                __aeabi_idiv
                0x00004a9c                __divsi3
                0x00004bc8                __aeabi_idivmod
 .text          0x00004be0       0xd0 /cygdrive/c/Embedded/GNUARM/bin/../lib/gcc/arm-elf/4.1.1/interwork/libgcc.a(_umodsi3.o)
                0x00004be0                __umodsi3
 .text          0x00004cb0       0xe8 /cygdrive/c/Embedded/GNUARM/bin/../lib/gcc/arm-elf/4.1.1/interwork/libgcc.a(_modsi3.o)
                0x00004cb0                __modsi3
 .text          0x00004d98        0x4 /cygdrive/c/Embedded/GNUARM/bin/../lib/gcc/arm-elf/4.1.1/interwork/libgcc.a(_dvmd_tls.o)
                0x00004d98                __aeabi_ldiv0
                0x00004d98                __div0
                0x00004d98                __aeabi_idiv0
 .text          0x00004d9c       0x3c /cygdrive/c/Embedded/GNUARM/bin/../lib/gcc/arm-elf/4.1.1/interwork/libgcc.a(_call_via_rX.o)
                0x00004da4                _call_via_r2
                0x00004db4                _call_via_r6
                0x00004db0                _call_via_r5
                0x00004da8                _call_via_r3
                0x00004dc8                _call_via_fp
                0x00004dbc                _call_via_r8
                0x00004db8                _call_via_r7
                0x00004d9c                _call_via_r0
                0x00004dc4                _call_via_sl
                0x00004dd0                _call_via_sp
                0x00004dc0                _call_via_r9
                0x00004dac                _call_via_r4
                0x00004da0                _call_via_r1
                0x00004dcc                _call_via_ip
                0x00004dd4                _call_via_lr
 .text          0x00004dd8       0x30 /cygdrive/c/Embedded/GNUARM/bin/../lib/gcc/arm-elf/4.1.1/../../../../arm-elf/lib/interwork/libc.a(atoi.o)
                0x00004dd8                _atoi_r
                0x00004df0                atoi
 .text          0x00004e08       0x9c /cygdrive/c/Embedded/GNUARM/bin/../lib/gcc/arm-elf/4.1.1/../../../../arm-elf/lib/interwork/libc.a(memcpy.o)
                0x00004e08                memcpy
 .text          0x00004ea4       0x74 /cygdrive/c/Embedded/GNUARM/bin/../lib/gcc/arm-elf/4.1.1/../../../../arm-elf/lib/interwork/libc.a(printf.o)
                0x00004ea4                printf
                0x00004ee4                _printf_r
 .text          0x00004f18       0x84 /cygdrive/c/Embedded/GNUARM/bin/../lib/gcc/arm-elf/4.1.1/../../../../arm-elf/lib/interwork/libc.a(puts.o)
                0x00004f18                _puts_r
                0x00004f88                puts
 .text          0x00004f9c       0x98 /cygdrive/c/Embedded/GNUARM/bin/../lib/gcc/arm-elf/4.1.1/../../../../arm-elf/lib/interwork/libc.a(strcat.o)
                0x00004f9c                strcat
 .text          0x00005034       0xa0 /cygdrive/c/Embedded/GNUARM/bin/../lib/gcc/arm-elf/4.1.1/../../../../arm-elf/lib/interwork/libc.a(strcpy.o)
                0x00005034                strcpy
 .text          0x000050d4       0x90 /cygdrive/c/Embedded/GNUARM/bin/../lib/gcc/arm-elf/4.1.1/../../../../arm-elf/lib/interwork/libc.a(strlen.o)
                0x000050d4                strlen
 .text          0x00005164       0xcc /cygdrive/c/Embedded/GNUARM/bin/../lib/gcc/arm-elf/4.1.1/../../../../arm-elf/lib/interwork/libc.a(strncat.o)
                0x00005164                strncat
 .text          0x00005230      0x114 /cygdrive/c/Embedded/GNUARM/bin/../lib/gcc/arm-elf/4.1.1/../../../../arm-elf/lib/interwork/libc.a(strncpy.o)
                0x00005230                strncpy
 .text          0x00005344      0x1f0 /cygdrive/c/Embedded/GNUARM/bin/../lib/gcc/arm-elf/4.1.1/../../../../arm-elf/lib/interwork/libc.a(strtol.o)
                0x00005508                strtol
                0x00005344                _strtol_r
 .text          0x00005534     0x1f8c /cygdrive/c/Embedded/GNUARM/bin/../lib/gcc/arm-elf/4.1.1/../../../../arm-elf/lib/interwork/libc.a(vfprintf.o)
                0x00005574                _vfprintf_r
                0x00007494                vfprintf
 .text          0x000074c0       0x84 /cygdrive/c/Embedded/GNUARM/bin/../lib/gcc/arm-elf/4.1.1/../../../../arm-elf/lib/interwork/libc.a(wcrtomb.o)
                0x000074c0                _wcrtomb_r
                0x00007518                wcrtomb
 .text          0x00007544      0x180 /cygdrive/c/Embedded/GNUARM/bin/../lib/gcc/arm-elf/4.1.1/../../../../arm-elf/lib/interwork/libc.a(wcsrtombs.o)
                0x00007544                _wcsrtombs_r
                0x00007680                wcsrtombs
 .text          0x000076c4      0x41c /cygdrive/c/Embedded/GNUARM/bin/../lib/gcc/arm-elf/4.1.1/../../../../arm-elf/lib/interwork/libc.a(wctomb_r.o)
                0x000076c4                _wctomb_r
 .text          0x00007ae0      0x100 /cygdrive/c/Embedded/GNUARM/bin/../lib/gcc/arm-elf/4.1.1/../../../../arm-elf/lib/interwork/libc.a(wsetup.o)
                0x00007ae0                __swsetup
 .text          0x00007be0        0x0 /cygdrive/c/Embedded/GNUARM/bin/../lib/gcc/arm-elf/4.1.1/../../../../arm-elf/lib/interwork/libc.a(ctype_.o)
 .text          0x00007be0     0x1660 /cygdrive/c/Embedded/GNUARM/bin/../lib/gcc/arm-elf/4.1.1/../../../../arm-elf/lib/interwork/libc.a(dtoa.o)
                0x00007de8                _dtoa_r
 .text          0x00009240       0xe8 /cygdrive/c/Embedded/GNUARM/bin/../lib/gcc/arm-elf/4.1.1/../../../../arm-elf/lib/interwork/libc.a(fflush.o)
                0x00009240                fflush
 .text          0x00009328      0x2a0 /cygdrive/c/Embedded/GNUARM/bin/../lib/gcc/arm-elf/4.1.1/../../../../arm-elf/lib/interwork/libc.a(findfp.o)
                0x00009394                __sinit
                0x00009494                __sfmoreglue
                0x00009484                _cleanup
                0x0000946c                _cleanup_r
                0x00009448                __fp_lock_all
                0x00009384                __sfp_lock_acquire
                0x000094e8                __sfp
                0x00009390                __sinit_lock_release
                0x00009424                __fp_unlock_all
                0x00009388                __sfp_lock_release
                0x0000938c                __sinit_lock_acquire
 .text          0x000095c8      0x3a4 /cygdrive/c/Embedded/GNUARM/bin/../lib/gcc/arm-elf/4.1.1/../../../../arm-elf/lib/interwork/libc.a(freer.o)
                0x000096c8                _free_r
                0x000095c8                _malloc_trim_r
 .text          0x0000996c      0x408 /cygdrive/c/Embedded/GNUARM/bin/../lib/gcc/arm-elf/4.1.1/../../../../arm-elf/lib/interwork/libc.a(fvwrite.o)
                0x0000996c                __sfvwrite
 .text          0x00009d74      0x114 /cygdrive/c/Embedded/GNUARM/bin/../lib/gcc/arm-elf/4.1.1/../../../../arm-elf/lib/interwork/libc.a(fwalk.o)
                0x00009e00                _fwalk
                0x00009d74                _fwalk_reent
 .text          0x00009e88        0x0 /cygdrive/c/Embedded/GNUARM/bin/../lib/gcc/arm-elf/4.1.1/../../../../arm-elf/lib/interwork/libc.a(impure.o)
 .text          0x00009e88       0xb0 /cygdrive/c/Embedded/GNUARM/bin/../lib/gcc/arm-elf/4.1.1/../../../../arm-elf/lib/interwork/libc.a(locale.o)
                0x00009eb4                _setlocale_r
                0x00009e88                __locale_charset
                0x00009e98                _localeconv_r
                0x00009f1c                setlocale
                0x00009ea4                localeconv
 .text          0x00009f38      0x158 /cygdrive/c/Embedded/GNUARM/bin/../lib/gcc/arm-elf/4.1.1/../../../../arm-elf/lib/interwork/libc.a(makebuf.o)
                0x00009f38                __smakebuf
 .text          0x0000a090      0x774 /cygdrive/c/Embedded/GNUARM/bin/../lib/gcc/arm-elf/4.1.1/../../../../arm-elf/lib/interwork/libc.a(mallocr.o)
                0x0000a090                _malloc_r
 .text          0x0000a804      0x100 /cygdrive/c/Embedded/GNUARM/bin/../lib/gcc/arm-elf/4.1.1/../../../../arm-elf/lib/interwork/libc.a(memchr.o)
                0x0000a804                memchr
 .text          0x0000a904       0xe4 /cygdrive/c/Embedded/GNUARM/bin/../lib/gcc/arm-elf/4.1.1/../../../../arm-elf/lib/interwork/libc.a(memmove.o)
                0x0000a904                memmove
 .text          0x0000a9e8       0x98 /cygdrive/c/Embedded/GNUARM/bin/../lib/gcc/arm-elf/4.1.1/../../../../arm-elf/lib/interwork/libc.a(memset.o)
                0x0000a9e8                memset
 .text          0x0000aa80        0x8 /cygdrive/c/Embedded/GNUARM/bin/../lib/gcc/arm-elf/4.1.1/../../../../arm-elf/lib/interwork/libc.a(mlock.o)
                0x0000aa84                __malloc_unlock
                0x0000aa80                __malloc_lock
 .text          0x0000aa88      0xc00 /cygdrive/c/Embedded/GNUARM/bin/../lib/gcc/arm-elf/4.1.1/../../../../arm-elf/lib/interwork/libc.a(mprec.o)
                0x0000ad80                _mprec_log10
                0x0000aaa4                _hi0bits
                0x0000ade8                _Balloc
                0x0000ae84                _d2b
                0x0000b1f0                _multiply
                0x0000ad04                _ratio
                0x0000b59c                _s2b
                0x0000b3b4                _i2b
                0x0000aafc                _lo0bits
                0x0000ab90                __mcmp
                0x0000b4a4                _pow5mult
                0x0000abf0                _ulp
                0x0000ac50                _b2d
                0x0000b3d8                _multadd
                0x0000afbc                __mdiff
                0x0000b0f0                _lshift
                0x0000aa88                _Bfree
 .text          0x0000b688      0x63c /cygdrive/c/Embedded/GNUARM/bin/../lib/gcc/arm-elf/4.1.1/../../../../arm-elf/lib/interwork/libc.a(reallocr.o)
                0x0000b688                _realloc_r
 .text          0x0000bcc4       0x3c /cygdrive/c/Embedded/GNUARM/bin/../lib/gcc/arm-elf/4.1.1/../../../../arm-elf/lib/interwork/libc.a(s_isinf.o)
                0x0000bcc4                isinf
 .text          0x0000bd00       0x30 /cygdrive/c/Embedded/GNUARM/bin/../lib/gcc/arm-elf/4.1.1/../../../../arm-elf/lib/interwork/libc.a(s_isnan.o)
                0x0000bd00                isnan
 .text          0x0000bd30       0x40 /cygdrive/c/Embedded/GNUARM/bin/../lib/gcc/arm-elf/4.1.1/../../../../arm-elf/lib/interwork/libc.a(sbrkr.o)
                0x0000bd30                _sbrk_r
 .text          0x0000bd70      0x118 /cygdrive/c/Embedded/GNUARM/bin/../lib/gcc/arm-elf/4.1.1/../../../../arm-elf/lib/interwork/libc.a(stdio.o)
                0x0000bd90                __sseek
                0x0000be40                __sread
                0x0000bd70                __sclose
                0x0000bddc                __swrite
 .text          0x0000be88       0xd0 /cygdrive/c/Embedded/GNUARM/bin/../lib/gcc/arm-elf/4.1.1/../../../../arm-elf/lib/interwork/libc.a(strcmp.o)
                0x0000be88                strcmp
 .text          0x0000bf58      0x748 /cygdrive/c/Embedded/GNUARM/bin/../lib/gcc/arm-elf/4.1.1/../../../../arm-elf/lib/interwork/libc.a(syscalls.o)
                0x0000bf88                _getpid
                0x0000c508                initialise_monitor_handles
                0x0000bfa4                isatty
                0x0000c088                _fstat
                0x0000c494                _open
                0x0000bff0                _sbrk
                0x0000bfa0                _raise
                0x0000c5c8                _times
                0x0000c4b4                _stat
                0x0000c330                _lseek
                0x0000bf90                _link
                0x0000c19c                _swiwrite
                0x0000bfac                _rename
                0x0000c24c                _swilseek
                0x0000c13c                _swiclose
                0x0000c3e8                _swiopen
                0x0000bf98                _unlink
                0x0000c1dc                _write
                0x0000c654                _kill
                0x0000c608                _gettimeofday
                0x0000c380                _read
                0x0000c680                _exit
                0x0000bfc8                _system
                0x0000c340                _swiread
                0x0000c18c                _close
 .text          0x0000c6a0       0x44 /cygdrive/c/Embedded/GNUARM/bin/../lib/gcc/arm-elf/4.1.1/../../../../arm-elf/lib/interwork/libc.a(writer.o)
                0x0000c6a0                _write_r
 .text          0x0000c6e4       0xa0 /cygdrive/c/Embedded/GNUARM/bin/../lib/gcc/arm-elf/4.1.1/../../../../arm-elf/lib/interwork/libc.a(callocr.o)
                0x0000c6e4                _calloc_r
 .text          0x0000c784       0x3c /cygdrive/c/Embedded/GNUARM/bin/../lib/gcc/arm-elf/4.1.1/../../../../arm-elf/lib/interwork/libc.a(closer.o)
                0x0000c784                _close_r
 .text          0x0000c7c0       0x10 /cygdrive/c/Embedded/GNUARM/bin/../lib/gcc/arm-elf/4.1.1/../../../../arm-elf/lib/interwork/libc.a(errno.o)
                0x0000c7c0                __errno
 .text          0x0000c7d0      0x12c /cygdrive/c/Embedded/GNUARM/bin/../lib/gcc/arm-elf/4.1.1/../../../../arm-elf/lib/interwork/libc.a(fclose.o)
                0x0000c7d0                _fclose_r
                0x0000c8e8                fclose
 .text          0x0000c8fc       0x40 /cygdrive/c/Embedded/GNUARM/bin/../lib/gcc/arm-elf/4.1.1/../../../../arm-elf/lib/interwork/libc.a(fstatr.o)
                0x0000c8fc                _fstat_r
 .text          0x0000c93c       0x44 /cygdrive/c/Embedded/GNUARM/bin/../lib/gcc/arm-elf/4.1.1/../../../../arm-elf/lib/interwork/libc.a(lseekr.o)
                0x0000c93c                _lseek_r
 .text          0x0000c980       0x44 /cygdrive/c/Embedded/GNUARM/bin/../lib/gcc/arm-elf/4.1.1/../../../../arm-elf/lib/interwork/libc.a(readr.o)
                0x0000c980                _read_r
 .text          0x0000c9c4      0x18c /cygdrive/c/Embedded/GNUARM/bin/../lib/gcc/arm-elf/4.1.1/../../../../arm-elf/lib/interwork/libc.a(reent.o)
                0x0000ca40                cleanup_glue
                0x0000ca6c                _reclaim_reent
                0x0000c9c4                _wrapup_reent
 .text          0x0000cb50      0x430 /cygdrive/c/Embedded/GNUARM/bin/../lib/gcc/arm-elf/4.1.1/interwork/libgcc.a(_addsubdf3.o)
                0x0000cf14                __floatdidf
                0x0000ce94                __floatsidf
                0x0000ce6c                __aeabi_ui2d
                0x0000cb50                __aeabi_drsub
                0x0000cec0                __extendsfdf2
                0x0000cb5c                __adddf3
                0x0000ce6c                __floatunsidf
                0x0000cb5c                __aeabi_dadd
                0x0000cf00                __aeabi_ul2d
                0x0000cb58                __aeabi_dsub
                0x0000cf00                __floatundidf
                0x0000ce94                __aeabi_i2d
                0x0000cf14                __aeabi_l2d
                0x0000cec0                __aeabi_f2d
                0x0000cb58                __subdf3
 .text          0x0000cf80      0x49c /cygdrive/c/Embedded/GNUARM/bin/../lib/gcc/arm-elf/4.1.1/interwork/libgcc.a(_muldivdf3.o)
                0x0000d210                __aeabi_ddiv
                0x0000cf80                __aeabi_dmul
                0x0000d210                __divdf3
                0x0000cf80                __muldf3
 .text          0x0000d41c      0x140 /cygdrive/c/Embedded/GNUARM/bin/../lib/gcc/arm-elf/4.1.1/interwork/libgcc.a(_cmpdf2.o)
                0x0000d514                __aeabi_dcmple
                0x0000d42c                __cmpdf2
                0x0000d42c                __eqdf2
                0x0000d41c                __gtdf2
                0x0000d4cc                __aeabi_cdcmple
                0x0000d4b0                __aeabi_cdrcmple
                0x0000d424                __ltdf2
                0x0000d4fc                __aeabi_dcmplt
                0x0000d424                __ledf2
                0x0000d544                __aeabi_dcmpgt
                0x0000d52c                __aeabi_dcmpge
                0x0000d42c                __nedf2
                0x0000d4e4                __aeabi_dcmpeq
                0x0000d4cc                __aeabi_cdcmpeq
                0x0000d41c                __gedf2
 .text          0x0000d55c       0x5c /cygdrive/c/Embedded/GNUARM/bin/../lib/gcc/arm-elf/4.1.1/interwork/libgcc.a(_fixdfsi.o)
                0x0000d55c                __fixdfsi
                0x0000d55c                __aeabi_d2iz
 *(.glue_7)
 .glue_7        0x0000d5b8        0x0 main.o
 .glue_7        0x0000d5b8        0x0 eeprom.o
 .glue_7        0x0000d5b8        0x0 i2c.o
 .glue_7        0x0000d5b8        0x0 uart.o
 .glue_7        0x0000d5b8        0x0 testAdc.o
 .glue_7        0x0000d5b8        0x0 testLcd.o
 .glue_7        0x0000d5b8        0x0 testRGB.o
 .glue_7        0x0000d5b8        0x0 lcd.o
 .glue_7        0x0000d5b8        0x0 lcd_hw.o
 .glue_7        0x0000d5b8        0x0 key.o
 .glue_7        0x0000d5b8        0x0 functions.o
 .glue_7        0x0000d5b8        0x0 irq/irq_code.a(irqUart.o)
 .glue_7        0x0000d5b8        0x0 ../startup/libea_startup_thumb.a(consol.o)
 .glue_7        0x0000d5b8        0x0 ../startup/libea_startup_thumb.a(startup.o)
 .glue_7        0x0000d5b8        0x0 ../startup/libea_startup_thumb.a(framework.o)
 .glue_7        0x0000d5b8        0x0 ../pre_emptive_os/pre_emptive_os.a(kernel.o)
 .glue_7        0x0000d5b8        0x0 ../pre_emptive_os/pre_emptive_os.a(prioqueue.o)
 .glue_7        0x0000d5b8        0x0 ../pre_emptive_os/pre_emptive_os.a(timer.o)
 .glue_7        0x0000d5b8        0x0 ../pre_emptive_os/pre_emptive_os.a(stack_usage.o)
 .glue_7        0x0000d5b8        0x0 ../pre_emptive_os/pre_emptive_os.a(a7hal.o)
 .glue_7        0x0000d5b8        0x0 ../pre_emptive_os/pre_emptive_os.a(a7hal_a.o)
 .glue_7        0x0000d5b8        0x0 ../pre_emptive_os/pre_emptive_os.a(count_sem.o)
 .glue_7        0x0000d5b8        0x0 ../pre_emptive_os/pre_emptive_os.a(event.o)
 .glue_7        0x0000d5b8        0x0 pff2/pff2_sd.a(pff.o)
 .glue_7        0x0000d5b8        0x0 pff2/pff2_sd.a(diskio.o)
 .glue_7        0x0000d5b8        0x0 pff2/pff2_sd.a(sd.o)
 .glue_7        0x0000d5b8        0x0 pff2/pff2_sd.a(spi.o)
 .glue_7        0x0000d5b8        0x0 /cygdrive/c/Embedded/GNUARM/bin/../lib/gcc/arm-elf/4.1.1/interwork/libgcc.a(_udivsi3.o)
 .glue_7        0x0000d5b8        0x0 /cygdrive/c/Embedded/GNUARM/bin/../lib/gcc/arm-elf/4.1.1/interwork/libgcc.a(_divsi3.o)
 .glue_7        0x0000d5b8        0x0 /cygdrive/c/Embedded/GNUARM/bin/../lib/gcc/arm-elf/4.1.1/interwork/libgcc.a(_umodsi3.o)
 .glue_7        0x0000d5b8        0x0 /cygdrive/c/Embedded/GNUARM/bin/../lib/gcc/arm-elf/4.1.1/interwork/libgcc.a(_modsi3.o)
 .glue_7        0x0000d5b8        0x0 /cygdrive/c/Embedded/GNUARM/bin/../lib/gcc/arm-elf/4.1.1/interwork/libgcc.a(_dvmd_tls.o)
 .glue_7        0x0000d5b8        0x0 /cygdrive/c/Embedded/GNUARM/bin/../lib/gcc/arm-elf/4.1.1/interwork/libgcc.a(_call_via_rX.o)
 .glue_7        0x0000d5b8        0x0 /cygdrive/c/Embedded/GNUARM/bin/../lib/gcc/arm-elf/4.1.1/../../../../arm-elf/lib/interwork/libc.a(atoi.o)
 .glue_7        0x0000d5b8        0x0 /cygdrive/c/Embedded/GNUARM/bin/../lib/gcc/arm-elf/4.1.1/../../../../arm-elf/lib/interwork/libc.a(memcpy.o)
 .glue_7        0x0000d5b8        0x0 /cygdrive/c/Embedded/GNUARM/bin/../lib/gcc/arm-elf/4.1.1/../../../../arm-elf/lib/interwork/libc.a(printf.o)
 .glue_7        0x0000d5b8        0x0 /cygdrive/c/Embedded/GNUARM/bin/../lib/gcc/arm-elf/4.1.1/../../../../arm-elf/lib/interwork/libc.a(puts.o)
 .glue_7        0x0000d5b8        0x0 /cygdrive/c/Embedded/GNUARM/bin/../lib/gcc/arm-elf/4.1.1/../../../../arm-elf/lib/interwork/libc.a(strcat.o)
 .glue_7        0x0000d5b8        0x0 /cygdrive/c/Embedded/GNUARM/bin/../lib/gcc/arm-elf/4.1.1/../../../../arm-elf/lib/interwork/libc.a(strcpy.o)
 .glue_7        0x0000d5b8        0x0 /cygdrive/c/Embedded/GNUARM/bin/../lib/gcc/arm-elf/4.1.1/../../../../arm-elf/lib/interwork/libc.a(strlen.o)
 .glue_7        0x0000d5b8        0x0 /cygdrive/c/Embedded/GNUARM/bin/../lib/gcc/arm-elf/4.1.1/../../../../arm-elf/lib/interwork/libc.a(strncat.o)
 .glue_7        0x0000d5b8        0x0 /cygdrive/c/Embedded/GNUARM/bin/../lib/gcc/arm-elf/4.1.1/../../../../arm-elf/lib/interwork/libc.a(strncpy.o)
 .glue_7        0x0000d5b8        0x0 /cygdrive/c/Embedded/GNUARM/bin/../lib/gcc/arm-elf/4.1.1/../../../../arm-elf/lib/interwork/libc.a(strtol.o)
 .glue_7        0x0000d5b8        0x0 /cygdrive/c/Embedded/GNUARM/bin/../lib/gcc/arm-elf/4.1.1/../../../../arm-elf/lib/interwork/libc.a(vfprintf.o)
 .glue_7        0x0000d5b8        0x0 /cygdrive/c/Embedded/GNUARM/bin/../lib/gcc/arm-elf/4.1.1/../../../../arm-elf/lib/interwork/libc.a(wcrtomb.o)
 .glue_7        0x0000d5b8        0x0 /cygdrive/c/Embedded/GNUARM/bin/../lib/gcc/arm-elf/4.1.1/../../../../arm-elf/lib/interwork/libc.a(wcsrtombs.o)
 .glue_7        0x0000d5b8        0x0 /cygdrive/c/Embedded/GNUARM/bin/../lib/gcc/arm-elf/4.1.1/../../../../arm-elf/lib/interwork/libc.a(wctomb_r.o)
 .glue_7        0x0000d5b8        0x0 /cygdrive/c/Embedded/GNUARM/bin/../lib/gcc/arm-elf/4.1.1/../../../../arm-elf/lib/interwork/libc.a(wsetup.o)
 .glue_7        0x0000d5b8        0x0 /cygdrive/c/Embedded/GNUARM/bin/../lib/gcc/arm-elf/4.1.1/../../../../arm-elf/lib/interwork/libc.a(ctype_.o)
 .glue_7        0x0000d5b8        0x0 /cygdrive/c/Embedded/GNUARM/bin/../lib/gcc/arm-elf/4.1.1/../../../../arm-elf/lib/interwork/libc.a(dtoa.o)
 .glue_7        0x0000d5b8        0x0 /cygdrive/c/Embedded/GNUARM/bin/../lib/gcc/arm-elf/4.1.1/../../../../arm-elf/lib/interwork/libc.a(fflush.o)
 .glue_7        0x0000d5b8        0x0 /cygdrive/c/Embedded/GNUARM/bin/../lib/gcc/arm-elf/4.1.1/../../../../arm-elf/lib/interwork/libc.a(findfp.o)
 .glue_7        0x0000d5b8        0x0 /cygdrive/c/Embedded/GNUARM/bin/../lib/gcc/arm-elf/4.1.1/../../../../arm-elf/lib/interwork/libc.a(freer.o)
 .glue_7        0x0000d5b8        0x0 /cygdrive/c/Embedded/GNUARM/bin/../lib/gcc/arm-elf/4.1.1/../../../../arm-elf/lib/interwork/libc.a(fvwrite.o)
 .glue_7        0x0000d5b8        0x0 /cygdrive/c/Embedded/GNUARM/bin/../lib/gcc/arm-elf/4.1.1/../../../../arm-elf/lib/interwork/libc.a(fwalk.o)
 .glue_7        0x0000d5b8        0x0 /cygdrive/c/Embedded/GNUARM/bin/../lib/gcc/arm-elf/4.1.1/../../../../arm-elf/lib/interwork/libc.a(impure.o)
 .glue_7        0x0000d5b8        0x0 /cygdrive/c/Embedded/GNUARM/bin/../lib/gcc/arm-elf/4.1.1/../../../../arm-elf/lib/interwork/libc.a(locale.o)
 .glue_7        0x0000d5b8        0x0 /cygdrive/c/Embedded/GNUARM/bin/../lib/gcc/arm-elf/4.1.1/../../../../arm-elf/lib/interwork/libc.a(makebuf.o)
 .glue_7        0x0000d5b8        0x0 /cygdrive/c/Embedded/GNUARM/bin/../lib/gcc/arm-elf/4.1.1/../../../../arm-elf/lib/interwork/libc.a(mallocr.o)
 .glue_7        0x0000d5b8        0x0 /cygdrive/c/Embedded/GNUARM/bin/../lib/gcc/arm-elf/4.1.1/../../../../arm-elf/lib/interwork/libc.a(memchr.o)
 .glue_7        0x0000d5b8        0x0 /cygdrive/c/Embedded/GNUARM/bin/../lib/gcc/arm-elf/4.1.1/../../../../arm-elf/lib/interwork/libc.a(memmove.o)
 .glue_7        0x0000d5b8        0x0 /cygdrive/c/Embedded/GNUARM/bin/../lib/gcc/arm-elf/4.1.1/../../../../arm-elf/lib/interwork/libc.a(memset.o)
 .glue_7        0x0000d5b8        0x0 /cygdrive/c/Embedded/GNUARM/bin/../lib/gcc/arm-elf/4.1.1/../../../../arm-elf/lib/interwork/libc.a(mlock.o)
 .glue_7        0x0000d5b8        0x0 /cygdrive/c/Embedded/GNUARM/bin/../lib/gcc/arm-elf/4.1.1/../../../../arm-elf/lib/interwork/libc.a(mprec.o)
 .glue_7        0x0000d5b8        0x0 /cygdrive/c/Embedded/GNUARM/bin/../lib/gcc/arm-elf/4.1.1/../../../../arm-elf/lib/interwork/libc.a(reallocr.o)
 .glue_7        0x0000d5b8        0x0 /cygdrive/c/Embedded/GNUARM/bin/../lib/gcc/arm-elf/4.1.1/../../../../arm-elf/lib/interwork/libc.a(s_isinf.o)
 .glue_7        0x0000d5b8        0x0 /cygdrive/c/Embedded/GNUARM/bin/../lib/gcc/arm-elf/4.1.1/../../../../arm-elf/lib/interwork/libc.a(s_isnan.o)
 .glue_7        0x0000d5b8        0x0 /cygdrive/c/Embedded/GNUARM/bin/../lib/gcc/arm-elf/4.1.1/../../../../arm-elf/lib/interwork/libc.a(sbrkr.o)
 .glue_7        0x0000d5b8        0x0 /cygdrive/c/Embedded/GNUARM/bin/../lib/gcc/arm-elf/4.1.1/../../../../arm-elf/lib/interwork/libc.a(stdio.o)
 .glue_7        0x0000d5b8        0x0 /cygdrive/c/Embedded/GNUARM/bin/../lib/gcc/arm-elf/4.1.1/../../../../arm-elf/lib/interwork/libc.a(strcmp.o)
 .glue_7        0x0000d5b8        0x0 /cygdrive/c/Embedded/GNUARM/bin/../lib/gcc/arm-elf/4.1.1/../../../../arm-elf/lib/interwork/libc.a(syscalls.o)
 .glue_7        0x0000d5b8        0x0 /cygdrive/c/Embedded/GNUARM/bin/../lib/gcc/arm-elf/4.1.1/../../../../arm-elf/lib/interwork/libc.a(writer.o)
 .glue_7        0x0000d5b8        0x0 /cygdrive/c/Embedded/GNUARM/bin/../lib/gcc/arm-elf/4.1.1/../../../../arm-elf/lib/interwork/libc.a(callocr.o)
 .glue_7        0x0000d5b8        0x0 /cygdrive/c/Embedded/GNUARM/bin/../lib/gcc/arm-elf/4.1.1/../../../../arm-elf/lib/interwork/libc.a(closer.o)
 .glue_7        0x0000d5b8        0x0 /cygdrive/c/Embedded/GNUARM/bin/../lib/gcc/arm-elf/4.1.1/../../../../arm-elf/lib/interwork/libc.a(errno.o)
 .glue_7        0x0000d5b8        0x0 /cygdrive/c/Embedded/GNUARM/bin/../lib/gcc/arm-elf/4.1.1/../../../../arm-elf/lib/interwork/libc.a(fclose.o)
 .glue_7        0x0000d5b8        0x0 /cygdrive/c/Embedded/GNUARM/bin/../lib/gcc/arm-elf/4.1.1/../../../../arm-elf/lib/interwork/libc.a(fstatr.o)
 .glue_7        0x0000d5b8        0x0 /cygdrive/c/Embedded/GNUARM/bin/../lib/gcc/arm-elf/4.1.1/../../../../arm-elf/lib/interwork/libc.a(lseekr.o)
 .glue_7        0x0000d5b8        0x0 /cygdrive/c/Embedded/GNUARM/bin/../lib/gcc/arm-elf/4.1.1/../../../../arm-elf/lib/interwork/libc.a(readr.o)
 .glue_7        0x0000d5b8        0x0 /cygdrive/c/Embedded/GNUARM/bin/../lib/gcc/arm-elf/4.1.1/../../../../arm-elf/lib/interwork/libc.a(reent.o)
 .glue_7        0x0000d5b8        0x0 /cygdrive/c/Embedded/GNUARM/bin/../lib/gcc/arm-elf/4.1.1/interwork/libgcc.a(_addsubdf3.o)
 .glue_7        0x0000d5b8        0x0 /cygdrive/c/Embedded/GNUARM/bin/../lib/gcc/arm-elf/4.1.1/interwork/libgcc.a(_muldivdf3.o)
 .glue_7        0x0000d5b8        0x0 /cygdrive/c/Embedded/GNUARM/bin/../lib/gcc/arm-elf/4.1.1/interwork/libgcc.a(_cmpdf2.o)
 .glue_7        0x0000d5b8       0x18 /cygdrive/c/Embedded/GNUARM/bin/../lib/gcc/arm-elf/4.1.1/interwork/libgcc.a(_fixdfsi.o)
                0x0000d5c4                __osISRExit_from_arm
                0x0000d5b8                __osTick_from_arm
 *(.glue_7t)
 .glue_7t       0x0000d5d0        0x0 main.o
 .glue_7t       0x0000d5d0        0x0 eeprom.o
 .glue_7t       0x0000d5d0        0x0 i2c.o
 .glue_7t       0x0000d5d0        0x0 uart.o
 .glue_7t       0x0000d5d0        0x0 testAdc.o
 .glue_7t       0x0000d5d0        0x0 testLcd.o
 .glue_7t       0x0000d5d0        0x0 testRGB.o
 .glue_7t       0x0000d5d0        0x0 lcd.o
 .glue_7t       0x0000d5d0        0x0 lcd_hw.o
 .glue_7t       0x0000d5d0        0x0 key.o
 .glue_7t       0x0000d5d0        0x0 functions.o
 .glue_7t       0x0000d5d0        0x0 irq/irq_code.a(irqUart.o)
 .glue_7t       0x0000d5d0        0x0 ../startup/libea_startup_thumb.a(consol.o)
 .glue_7t       0x0000d5d0        0x0 ../startup/libea_startup_thumb.a(startup.o)
 .glue_7t       0x0000d5d0        0x0 ../startup/libea_startup_thumb.a(framework.o)
 .glue_7t       0x0000d5d0        0x0 ../pre_emptive_os/pre_emptive_os.a(kernel.o)
 .glue_7t       0x0000d5d0        0x0 ../pre_emptive_os/pre_emptive_os.a(prioqueue.o)
 .glue_7t       0x0000d5d0        0x0 ../pre_emptive_os/pre_emptive_os.a(timer.o)
 .glue_7t       0x0000d5d0        0x0 ../pre_emptive_os/pre_emptive_os.a(stack_usage.o)
 .glue_7t       0x0000d5d0        0x0 ../pre_emptive_os/pre_emptive_os.a(a7hal.o)
 .glue_7t       0x0000d5d0        0x0 ../pre_emptive_os/pre_emptive_os.a(a7hal_a.o)
 .glue_7t       0x0000d5d0        0x0 ../pre_emptive_os/pre_emptive_os.a(count_sem.o)
 .glue_7t       0x0000d5d0        0x0 ../pre_emptive_os/pre_emptive_os.a(event.o)
 .glue_7t       0x0000d5d0        0x0 pff2/pff2_sd.a(pff.o)
 .glue_7t       0x0000d5d0        0x0 pff2/pff2_sd.a(diskio.o)
 .glue_7t       0x0000d5d0        0x0 pff2/pff2_sd.a(sd.o)
 .glue_7t       0x0000d5d0        0x0 pff2/pff2_sd.a(spi.o)
 .glue_7t       0x0000d5d0        0x0 /cygdrive/c/Embedded/GNUARM/bin/../lib/gcc/arm-elf/4.1.1/interwork/libgcc.a(_udivsi3.o)
 .glue_7t       0x0000d5d0        0x0 /cygdrive/c/Embedded/GNUARM/bin/../lib/gcc/arm-elf/4.1.1/interwork/libgcc.a(_divsi3.o)
 .glue_7t       0x0000d5d0        0x0 /cygdrive/c/Embedded/GNUARM/bin/../lib/gcc/arm-elf/4.1.1/interwork/libgcc.a(_umodsi3.o)
 .glue_7t       0x0000d5d0        0x0 /cygdrive/c/Embedded/GNUARM/bin/../lib/gcc/arm-elf/4.1.1/interwork/libgcc.a(_modsi3.o)
 .glue_7t       0x0000d5d0        0x0 /cygdrive/c/Embedded/GNUARM/bin/../lib/gcc/arm-elf/4.1.1/interwork/libgcc.a(_dvmd_tls.o)
 .glue_7t       0x0000d5d0        0x0 /cygdrive/c/Embedded/GNUARM/bin/../lib/gcc/arm-elf/4.1.1/interwork/libgcc.a(_call_via_rX.o)
 .glue_7t       0x0000d5d0        0x0 /cygdrive/c/Embedded/GNUARM/bin/../lib/gcc/arm-elf/4.1.1/../../../../arm-elf/lib/interwork/libc.a(atoi.o)
 .glue_7t       0x0000d5d0        0x0 /cygdrive/c/Embedded/GNUARM/bin/../lib/gcc/arm-elf/4.1.1/../../../../arm-elf/lib/interwork/libc.a(memcpy.o)
 .glue_7t       0x0000d5d0        0x0 /cygdrive/c/Embedded/GNUARM/bin/../lib/gcc/arm-elf/4.1.1/../../../../arm-elf/lib/interwork/libc.a(printf.o)
 .glue_7t       0x0000d5d0        0x0 /cygdrive/c/Embedded/GNUARM/bin/../lib/gcc/arm-elf/4.1.1/../../../../arm-elf/lib/interwork/libc.a(puts.o)
 .glue_7t       0x0000d5d0        0x0 /cygdrive/c/Embedded/GNUARM/bin/../lib/gcc/arm-elf/4.1.1/../../../../arm-elf/lib/interwork/libc.a(strcat.o)
 .glue_7t       0x0000d5d0        0x0 /cygdrive/c/Embedded/GNUARM/bin/../lib/gcc/arm-elf/4.1.1/../../../../arm-elf/lib/interwork/libc.a(strcpy.o)
 .glue_7t       0x0000d5d0        0x0 /cygdrive/c/Embedded/GNUARM/bin/../lib/gcc/arm-elf/4.1.1/../../../../arm-elf/lib/interwork/libc.a(strlen.o)
 .glue_7t       0x0000d5d0        0x0 /cygdrive/c/Embedded/GNUARM/bin/../lib/gcc/arm-elf/4.1.1/../../../../arm-elf/lib/interwork/libc.a(strncat.o)
 .glue_7t       0x0000d5d0        0x0 /cygdrive/c/Embedded/GNUARM/bin/../lib/gcc/arm-elf/4.1.1/../../../../arm-elf/lib/interwork/libc.a(strncpy.o)
 .glue_7t       0x0000d5d0        0x0 /cygdrive/c/Embedded/GNUARM/bin/../lib/gcc/arm-elf/4.1.1/../../../../arm-elf/lib/interwork/libc.a(strtol.o)
 .glue_7t       0x0000d5d0        0x0 /cygdrive/c/Embedded/GNUARM/bin/../lib/gcc/arm-elf/4.1.1/../../../../arm-elf/lib/interwork/libc.a(vfprintf.o)
 .glue_7t       0x0000d5d0        0x0 /cygdrive/c/Embedded/GNUARM/bin/../lib/gcc/arm-elf/4.1.1/../../../../arm-elf/lib/interwork/libc.a(wcrtomb.o)
 .glue_7t       0x0000d5d0        0x0 /cygdrive/c/Embedded/GNUARM/bin/../lib/gcc/arm-elf/4.1.1/../../../../arm-elf/lib/interwork/libc.a(wcsrtombs.o)
 .glue_7t       0x0000d5d0        0x0 /cygdrive/c/Embedded/GNUARM/bin/../lib/gcc/arm-elf/4.1.1/../../../../arm-elf/lib/interwork/libc.a(wctomb_r.o)
 .glue_7t       0x0000d5d0        0x0 /cygdrive/c/Embedded/GNUARM/bin/../lib/gcc/arm-elf/4.1.1/../../../../arm-elf/lib/interwork/libc.a(wsetup.o)
 .glue_7t       0x0000d5d0        0x0 /cygdrive/c/Embedded/GNUARM/bin/../lib/gcc/arm-elf/4.1.1/../../../../arm-elf/lib/interwork/libc.a(ctype_.o)
 .glue_7t       0x0000d5d0        0x0 /cygdrive/c/Embedded/GNUARM/bin/../lib/gcc/arm-elf/4.1.1/../../../../arm-elf/lib/interwork/libc.a(dtoa.o)
 .glue_7t       0x0000d5d0        0x0 /cygdrive/c/Embedded/GNUARM/bin/../lib/gcc/arm-elf/4.1.1/../../../../arm-elf/lib/interwork/libc.a(fflush.o)
 .glue_7t       0x0000d5d0        0x0 /cygdrive/c/Embedded/GNUARM/bin/../lib/gcc/arm-elf/4.1.1/../../../../arm-elf/lib/interwork/libc.a(findfp.o)
 .glue_7t       0x0000d5d0        0x0 /cygdrive/c/Embedded/GNUARM/bin/../lib/gcc/arm-elf/4.1.1/../../../../arm-elf/lib/interwork/libc.a(freer.o)
 .glue_7t       0x0000d5d0        0x0 /cygdrive/c/Embedded/GNUARM/bin/../lib/gcc/arm-elf/4.1.1/../../../../arm-elf/lib/interwork/libc.a(fvwrite.o)
 .glue_7t       0x0000d5d0        0x0 /cygdrive/c/Embedded/GNUARM/bin/../lib/gcc/arm-elf/4.1.1/../../../../arm-elf/lib/interwork/libc.a(fwalk.o)
 .glue_7t       0x0000d5d0        0x0 /cygdrive/c/Embedded/GNUARM/bin/../lib/gcc/arm-elf/4.1.1/../../../../arm-elf/lib/interwork/libc.a(impure.o)
 .glue_7t       0x0000d5d0        0x0 /cygdrive/c/Embedded/GNUARM/bin/../lib/gcc/arm-elf/4.1.1/../../../../arm-elf/lib/interwork/libc.a(locale.o)
 .glue_7t       0x0000d5d0        0x0 /cygdrive/c/Embedded/GNUARM/bin/../lib/gcc/arm-elf/4.1.1/../../../../arm-elf/lib/interwork/libc.a(makebuf.o)
 .glue_7t       0x0000d5d0        0x0 /cygdrive/c/Embedded/GNUARM/bin/../lib/gcc/arm-elf/4.1.1/../../../../arm-elf/lib/interwork/libc.a(mallocr.o)
 .glue_7t       0x0000d5d0        0x0 /cygdrive/c/Embedded/GNUARM/bin/../lib/gcc/arm-elf/4.1.1/../../../../arm-elf/lib/interwork/libc.a(memchr.o)
 .glue_7t       0x0000d5d0        0x0 /cygdrive/c/Embedded/GNUARM/bin/../lib/gcc/arm-elf/4.1.1/../../../../arm-elf/lib/interwork/libc.a(memmove.o)
 .glue_7t       0x0000d5d0        0x0 /cygdrive/c/Embedded/GNUARM/bin/../lib/gcc/arm-elf/4.1.1/../../../../arm-elf/lib/interwork/libc.a(memset.o)
 .glue_7t       0x0000d5d0        0x0 /cygdrive/c/Embedded/GNUARM/bin/../lib/gcc/arm-elf/4.1.1/../../../../arm-elf/lib/interwork/libc.a(mlock.o)
 .glue_7t       0x0000d5d0        0x0 /cygdrive/c/Embedded/GNUARM/bin/../lib/gcc/arm-elf/4.1.1/../../../../arm-elf/lib/interwork/libc.a(mprec.o)
 .glue_7t       0x0000d5d0        0x0 /cygdrive/c/Embedded/GNUARM/bin/../lib/gcc/arm-elf/4.1.1/../../../../arm-elf/lib/interwork/libc.a(reallocr.o)
 .glue_7t       0x0000d5d0        0x0 /cygdrive/c/Embedded/GNUARM/bin/../lib/gcc/arm-elf/4.1.1/../../../../arm-elf/lib/interwork/libc.a(s_isinf.o)
 .glue_7t       0x0000d5d0        0x0 /cygdrive/c/Embedded/GNUARM/bin/../lib/gcc/arm-elf/4.1.1/../../../../arm-elf/lib/interwork/libc.a(s_isnan.o)
 .glue_7t       0x0000d5d0        0x0 /cygdrive/c/Embedded/GNUARM/bin/../lib/gcc/arm-elf/4.1.1/../../../../arm-elf/lib/interwork/libc.a(sbrkr.o)
 .glue_7t       0x0000d5d0        0x0 /cygdrive/c/Embedded/GNUARM/bin/../lib/gcc/arm-elf/4.1.1/../../../../arm-elf/lib/interwork/libc.a(stdio.o)
 .glue_7t       0x0000d5d0        0x0 /cygdrive/c/Embedded/GNUARM/bin/../lib/gcc/arm-elf/4.1.1/../../../../arm-elf/lib/interwork/libc.a(strcmp.o)
 .glue_7t       0x0000d5d0        0x0 /cygdrive/c/Embedded/GNUARM/bin/../lib/gcc/arm-elf/4.1.1/../../../../arm-elf/lib/interwork/libc.a(syscalls.o)
 .glue_7t       0x0000d5d0        0x0 /cygdrive/c/Embedded/GNUARM/bin/../lib/gcc/arm-elf/4.1.1/../../../../arm-elf/lib/interwork/libc.a(writer.o)
 .glue_7t       0x0000d5d0        0x0 /cygdrive/c/Embedded/GNUARM/bin/../lib/gcc/arm-elf/4.1.1/../../../../arm-elf/lib/interwork/libc.a(callocr.o)
 .glue_7t       0x0000d5d0        0x0 /cygdrive/c/Embedded/GNUARM/bin/../lib/gcc/arm-elf/4.1.1/../../../../arm-elf/lib/interwork/libc.a(closer.o)
 .glue_7t       0x0000d5d0        0x0 /cygdrive/c/Embedded/GNUARM/bin/../lib/gcc/arm-elf/4.1.1/../../../../arm-elf/lib/interwork/libc.a(errno.o)
 .glue_7t       0x0000d5d0        0x0 /cygdrive/c/Embedded/GNUARM/bin/../lib/gcc/arm-elf/4.1.1/../../../../arm-elf/lib/interwork/libc.a(fclose.o)
 .glue_7t       0x0000d5d0        0x0 /cygdrive/c/Embedded/GNUARM/bin/../lib/gcc/arm-elf/4.1.1/../../../../arm-elf/lib/interwork/libc.a(fstatr.o)
 .glue_7t       0x0000d5d0        0x0 /cygdrive/c/Embedded/GNUARM/bin/../lib/gcc/arm-elf/4.1.1/../../../../arm-elf/lib/interwork/libc.a(lseekr.o)
 .glue_7t       0x0000d5d0        0x0 /cygdrive/c/Embedded/GNUARM/bin/../lib/gcc/arm-elf/4.1.1/../../../../arm-elf/lib/interwork/libc.a(readr.o)
 .glue_7t       0x0000d5d0        0x0 /cygdrive/c/Embedded/GNUARM/bin/../lib/gcc/arm-elf/4.1.1/../../../../arm-elf/lib/interwork/libc.a(reent.o)
 .glue_7t       0x0000d5d0        0x0 /cygdrive/c/Embedded/GNUARM/bin/../lib/gcc/arm-elf/4.1.1/interwork/libgcc.a(_addsubdf3.o)
 .glue_7t       0x0000d5d0        0x0 /cygdrive/c/Embedded/GNUARM/bin/../lib/gcc/arm-elf/4.1.1/interwork/libgcc.a(_muldivdf3.o)
 .glue_7t       0x0000d5d0        0x0 /cygdrive/c/Embedded/GNUARM/bin/../lib/gcc/arm-elf/4.1.1/interwork/libgcc.a(_cmpdf2.o)
 .glue_7t       0x0000d5d0       0xb8 /cygdrive/c/Embedded/GNUARM/bin/../lib/gcc/arm-elf/4.1.1/interwork/libgcc.a(_fixdfsi.o)
                0x0000d634                __strcpy_change_to_arm
                0x0000d644                __strncat_change_to_arm
                0x0000d5dc                ____modsi3_change_to_arm
                0x0000d5fc                __consolSendNumber_change_to_arm
                0x0000d5f8                __consolSendNumber_from_thumb
                0x0000d620                __strncpy_from_thumb
                0x0000d650                __halRestoreInterrupts_oshal_from_thumb
                0x0000d62c                __strlen_change_to_arm
                0x0000d5ec                __restoreIrq_change_to_arm
                0x0000d660                __ctxSwitch_oshal_from_thumb
                0x0000d65c                __stkFrameInit_oshal_change_to_arm
                0x0000d674                __initTimer_oshal_change_to_arm
                0x0000d678                __startHighProc_oshal_from_thumb
                0x0000d618                __pf_readdir_from_thumb
                0x0000d604                ____umodsi3_change_to_arm
                0x0000d630                __strcpy_from_thumb
                0x0000d5d8                ____modsi3_from_thumb
                0x0000d61c                __pf_readdir_change_to_arm
                0x0000d60c                ____udivsi3_change_to_arm
                0x0000d67c                __startHighProc_oshal_change_to_arm
                0x0000d668                __ctxSwitchIsr_oshal_from_thumb
                0x0000d5e4                __disIrq_change_to_arm
                0x0000d638                __strcat_from_thumb
                0x0000d640                __strncat_from_thumb
                0x0000d5e0                __disIrq_from_thumb
                0x0000d654                __halRestoreInterrupts_oshal_change_to_arm
                0x0000d5f4                __simplePrintf_change_to_arm
                0x0000d600                ____umodsi3_from_thumb
                0x0000d680                ____divsi3_from_thumb
                0x0000d664                __ctxSwitch_oshal_change_to_arm
                0x0000d658                __stkFrameInit_oshal_from_thumb
                0x0000d608                ____udivsi3_from_thumb
                0x0000d5d0                __pf_mount_from_thumb
                0x0000d5d4                __pf_mount_change_to_arm
                0x0000d5f0                __simplePrintf_from_thumb
                0x0000d614                __pf_opendir_change_to_arm
                0x0000d670                __initTimer_oshal_from_thumb
                0x0000d610                __pf_opendir_from_thumb
                0x0000d63c                __strcat_change_to_arm
                0x0000d628                __strlen_from_thumb
                0x0000d66c                __ctxSwitchIsr_oshal_change_to_arm
                0x0000d64c                __halDisableInterrupts_oshal_change_to_arm
                0x0000d648                __halDisableInterrupts_oshal_from_thumb
                0x0000d5e8                __restoreIrq_from_thumb
                0x0000d624                __strncpy_change_to_arm
                0x0000d684                ____divsi3_change_to_arm
                0x0000d688                . = ALIGN (0x4)

.rodata         0x0000d688      0xd4c
 *(.rodata)
 .rodata        0x0000d688       0x20 main.o
 .rodata        0x0000d6a8      0x55c lcd.o
                0x0000d6a8                charMap
 .rodata        0x0000dc04       0x10 ../startup/libea_startup_thumb.a(consol.o)
 .rodata        0x0000dc14       0x20 /cygdrive/c/Embedded/GNUARM/bin/../lib/gcc/arm-elf/4.1.1/../../../../arm-elf/lib/interwork/libc.a(vfprintf.o)
 .rodata        0x0000dc34      0x101 /cygdrive/c/Embedded/GNUARM/bin/../lib/gcc/arm-elf/4.1.1/../../../../arm-elf/lib/interwork/libc.a(ctype_.o)
                0x0000dc34                _ctype_
 *fill*         0x0000dd35        0x3 00
 .rodata        0x0000dd38        0x4 /cygdrive/c/Embedded/GNUARM/bin/../lib/gcc/arm-elf/4.1.1/../../../../arm-elf/lib/interwork/libc.a(impure.o)
                0x0000dd38                _global_impure_ptr
 .rodata        0x0000dd3c       0x34 /cygdrive/c/Embedded/GNUARM/bin/../lib/gcc/arm-elf/4.1.1/../../../../arm-elf/lib/interwork/libc.a(locale.o)
 .rodata        0x0000dd70      0x124 /cygdrive/c/Embedded/GNUARM/bin/../lib/gcc/arm-elf/4.1.1/../../../../arm-elf/lib/interwork/libc.a(mprec.o)
                0x0000de60                __mprec_tinytens
                0x0000dd70                __mprec_tens
                0x0000de38                __mprec_bigtens
 *(.rodata*)
 .rodata.str1.4
                0x0000de94       0xc9 main.o
                                 0xd0 (size before relaxing)
 *fill*         0x0000df5d        0x3 00
 .rodata.str1.4
                0x0000df60      0x13e testAdc.o
                                0x140 (size before relaxing)
 .rodata.str1.4
                0x00000000        0x4 functions.o
 *fill*         0x0000e09e        0x2 00
 .rodata.str1.4
                0x0000e0a0       0x18 ../startup/libea_startup_thumb.a(consol.o)
 .rodata.str1.4
                0x0000e0b8       0xd8 ../startup/libea_startup_thumb.a(framework.o)
 .rodata.str1.4
                0x0000e190       0x5c pff2/pff2_sd.a(diskio.o)
 .rodata.str1.4
                0x0000e1ec      0x155 pff2/pff2_sd.a(sd.o)
                                0x158 (size before relaxing)
 .rodata.str1.4
                0x00000000      0x155 /cygdrive/c/Embedded/GNUARM/bin/../lib/gcc/arm-elf/4.1.1/../../../../arm-elf/lib/interwork/libc.a(puts.o)
                                  0x4 (size before relaxing)
 *fill*         0x0000e341        0x3 00
 .rodata.str1.4
                0x0000e344       0x4b /cygdrive/c/Embedded/GNUARM/bin/../lib/gcc/arm-elf/4.1.1/../../../../arm-elf/lib/interwork/libc.a(vfprintf.o)
                                 0x64 (size before relaxing)
 *fill*         0x0000e38f        0x1 00
 .rodata.str1.4
                0x0000e390       0x1e /cygdrive/c/Embedded/GNUARM/bin/../lib/gcc/arm-elf/4.1.1/../../../../arm-elf/lib/interwork/libc.a(wctomb_r.o)
                                 0x20 (size before relaxing)
 *fill*         0x0000e3ae        0x2 00
 .rodata.str1.4
                0x0000e3b0       0x10 /cygdrive/c/Embedded/GNUARM/bin/../lib/gcc/arm-elf/4.1.1/../../../../arm-elf/lib/interwork/libc.a(dtoa.o)
                                 0x14 (size before relaxing)
 .rodata.str1.4
                0x0000e3c0        0x2 /cygdrive/c/Embedded/GNUARM/bin/../lib/gcc/arm-elf/4.1.1/../../../../arm-elf/lib/interwork/libc.a(impure.o)
                                  0x4 (size before relaxing)
 *fill*         0x0000e3c2        0x2 00
 .rodata.str1.4
                0x0000e3c4        0xb /cygdrive/c/Embedded/GNUARM/bin/../lib/gcc/arm-elf/4.1.1/../../../../arm-elf/lib/interwork/libc.a(locale.o)
                                 0x18 (size before relaxing)
 *fill*         0x0000e3cf        0x1 00
 .rodata.str1.4
                0x0000e3d0        0x4 /cygdrive/c/Embedded/GNUARM/bin/../lib/gcc/arm-elf/4.1.1/../../../../arm-elf/lib/interwork/libc.a(syscalls.o)
                0x0000e3d4                . = ALIGN (0x4)
                0x0000e3d4                _etext = .
                0x0000e3d4                PROVIDE (etext, .)

.data           0x40000080     0x3468 load address 0x0000e3d4
                0x40000080                _data = .
 *(.data)
 .data          0x40000080     0x2c24 main.o
                0x40000080                EAvoice
                0x40002ca0                wynikInicjalizacjiSd
 .data          0x40002ca4        0x0 eeprom.o
 .data          0x40002ca4        0x0 i2c.o
 .data          0x40002ca4        0x0 uart.o
 .data          0x40002ca4        0x0 testAdc.o
 .data          0x40002ca4        0x0 testLcd.o
 .data          0x40002ca4        0x0 testRGB.o
 .data          0x40002ca4       0x14 lcd.o
                0x40002ca4                hexChars
 .data          0x40002cb8        0x0 lcd_hw.o
 .data          0x40002cb8        0x5 key.o
 .data          0x40002cbd        0x0 functions.o
 .data          0x40002cbd        0x0 irq/irq_code.a(irqUart.o)
 .data          0x40002cbd        0x0 ../startup/libea_startup_thumb.a(consol.o)
 .data          0x40002cbd        0x0 ../startup/libea_startup_thumb.a(startup.o)
 .data          0x40002cbd        0x0 ../startup/libea_startup_thumb.a(framework.o)
 .data          0x40002cbd        0x0 ../pre_emptive_os/pre_emptive_os.a(kernel.o)
 .data          0x40002cbd        0x0 ../pre_emptive_os/pre_emptive_os.a(prioqueue.o)
 .data          0x40002cbd        0x0 ../pre_emptive_os/pre_emptive_os.a(timer.o)
 .data          0x40002cbd        0x0 ../pre_emptive_os/pre_emptive_os.a(stack_usage.o)
 .data          0x40002cbd        0x0 ../pre_emptive_os/pre_emptive_os.a(a7hal.o)
 .data          0x40002cbd        0x0 ../pre_emptive_os/pre_emptive_os.a(a7hal_a.o)
 .data          0x40002cbd        0x0 ../pre_emptive_os/pre_emptive_os.a(count_sem.o)
 .data          0x40002cbd        0x0 ../pre_emptive_os/pre_emptive_os.a(event.o)
 .data          0x40002cbd        0x0 pff2/pff2_sd.a(pff.o)
 *fill*         0x40002cbd        0x1 00
 .data          0x40002cbe        0x2 pff2/pff2_sd.a(diskio.o)
                0x40002cbe                fb_timeout
 .data          0x40002cc0        0x0 pff2/pff2_sd.a(sd.o)
 .data          0x40002cc0        0x0 pff2/pff2_sd.a(spi.o)
 .data          0x40002cc0        0x0 /cygdrive/c/Embedded/GNUARM/bin/../lib/gcc/arm-elf/4.1.1/interwork/libgcc.a(_udivsi3.o)
 .data          0x40002cc0        0x0 /cygdrive/c/Embedded/GNUARM/bin/../lib/gcc/arm-elf/4.1.1/interwork/libgcc.a(_divsi3.o)
 .data          0x40002cc0        0x0 /cygdrive/c/Embedded/GNUARM/bin/../lib/gcc/arm-elf/4.1.1/interwork/libgcc.a(_umodsi3.o)
 .data          0x40002cc0        0x0 /cygdrive/c/Embedded/GNUARM/bin/../lib/gcc/arm-elf/4.1.1/interwork/libgcc.a(_modsi3.o)
 .data          0x40002cc0        0x0 /cygdrive/c/Embedded/GNUARM/bin/../lib/gcc/arm-elf/4.1.1/interwork/libgcc.a(_dvmd_tls.o)
 .data          0x40002cc0        0x0 /cygdrive/c/Embedded/GNUARM/bin/../lib/gcc/arm-elf/4.1.1/interwork/libgcc.a(_call_via_rX.o)
 .data          0x40002cc0        0x0 /cygdrive/c/Embedded/GNUARM/bin/../lib/gcc/arm-elf/4.1.1/../../../../arm-elf/lib/interwork/libc.a(atoi.o)
 .data          0x40002cc0        0x0 /cygdrive/c/Embedded/GNUARM/bin/../lib/gcc/arm-elf/4.1.1/../../../../arm-elf/lib/interwork/libc.a(memcpy.o)
 .data          0x40002cc0        0x0 /cygdrive/c/Embedded/GNUARM/bin/../lib/gcc/arm-elf/4.1.1/../../../../arm-elf/lib/interwork/libc.a(printf.o)
 .data          0x40002cc0        0x0 /cygdrive/c/Embedded/GNUARM/bin/../lib/gcc/arm-elf/4.1.1/../../../../arm-elf/lib/interwork/libc.a(puts.o)
 .data          0x40002cc0        0x0 /cygdrive/c/Embedded/GNUARM/bin/../lib/gcc/arm-elf/4.1.1/../../../../arm-elf/lib/interwork/libc.a(strcat.o)
 .data          0x40002cc0        0x0 /cygdrive/c/Embedded/GNUARM/bin/../lib/gcc/arm-elf/4.1.1/../../../../arm-elf/lib/interwork/libc.a(strcpy.o)
 .data          0x40002cc0        0x0 /cygdrive/c/Embedded/GNUARM/bin/../lib/gcc/arm-elf/4.1.1/../../../../arm-elf/lib/interwork/libc.a(strlen.o)
 .data          0x40002cc0        0x0 /cygdrive/c/Embedded/GNUARM/bin/../lib/gcc/arm-elf/4.1.1/../../../../arm-elf/lib/interwork/libc.a(strncat.o)
 .data          0x40002cc0        0x0 /cygdrive/c/Embedded/GNUARM/bin/../lib/gcc/arm-elf/4.1.1/../../../../arm-elf/lib/interwork/libc.a(strncpy.o)
 .data          0x40002cc0        0x0 /cygdrive/c/Embedded/GNUARM/bin/../lib/gcc/arm-elf/4.1.1/../../../../arm-elf/lib/interwork/libc.a(strtol.o)
 .data          0x40002cc0        0x0 /cygdrive/c/Embedded/GNUARM/bin/../lib/gcc/arm-elf/4.1.1/../../../../arm-elf/lib/interwork/libc.a(vfprintf.o)
 .data          0x40002cc0        0x0 /cygdrive/c/Embedded/GNUARM/bin/../lib/gcc/arm-elf/4.1.1/../../../../arm-elf/lib/interwork/libc.a(wcrtomb.o)
 .data          0x40002cc0        0x0 /cygdrive/c/Embedded/GNUARM/bin/../lib/gcc/arm-elf/4.1.1/../../../../arm-elf/lib/interwork/libc.a(wcsrtombs.o)
 .data          0x40002cc0        0x0 /cygdrive/c/Embedded/GNUARM/bin/../lib/gcc/arm-elf/4.1.1/../../../../arm-elf/lib/interwork/libc.a(wctomb_r.o)
 .data          0x40002cc0        0x0 /cygdrive/c/Embedded/GNUARM/bin/../lib/gcc/arm-elf/4.1.1/../../../../arm-elf/lib/interwork/libc.a(wsetup.o)
 .data          0x40002cc0        0x4 /cygdrive/c/Embedded/GNUARM/bin/../lib/gcc/arm-elf/4.1.1/../../../../arm-elf/lib/interwork/libc.a(ctype_.o)
                0x40002cc0                __ctype_ptr
 .data          0x40002cc4        0x0 /cygdrive/c/Embedded/GNUARM/bin/../lib/gcc/arm-elf/4.1.1/../../../../arm-elf/lib/interwork/libc.a(dtoa.o)
 .data          0x40002cc4        0x0 /cygdrive/c/Embedded/GNUARM/bin/../lib/gcc/arm-elf/4.1.1/../../../../arm-elf/lib/interwork/libc.a(fflush.o)
 .data          0x40002cc4        0x0 /cygdrive/c/Embedded/GNUARM/bin/../lib/gcc/arm-elf/4.1.1/../../../../arm-elf/lib/interwork/libc.a(findfp.o)
 .data          0x40002cc4        0x0 /cygdrive/c/Embedded/GNUARM/bin/../lib/gcc/arm-elf/4.1.1/../../../../arm-elf/lib/interwork/libc.a(freer.o)
 .data          0x40002cc4        0x0 /cygdrive/c/Embedded/GNUARM/bin/../lib/gcc/arm-elf/4.1.1/../../../../arm-elf/lib/interwork/libc.a(fvwrite.o)
 .data          0x40002cc4        0x0 /cygdrive/c/Embedded/GNUARM/bin/../lib/gcc/arm-elf/4.1.1/../../../../arm-elf/lib/interwork/libc.a(fwalk.o)
 .data          0x40002cc4      0x404 /cygdrive/c/Embedded/GNUARM/bin/../lib/gcc/arm-elf/4.1.1/../../../../arm-elf/lib/interwork/libc.a(impure.o)
                0x40002cc4                _impure_ptr
 .data          0x400030c8       0x10 /cygdrive/c/Embedded/GNUARM/bin/../lib/gcc/arm-elf/4.1.1/../../../../arm-elf/lib/interwork/libc.a(locale.o)
                0x400030c8                __mb_cur_max
                0x400030cc                __lc_ctype
 .data          0x400030d8        0x0 /cygdrive/c/Embedded/GNUARM/bin/../lib/gcc/arm-elf/4.1.1/../../../../arm-elf/lib/interwork/libc.a(makebuf.o)
 .data          0x400030d8      0x410 /cygdrive/c/Embedded/GNUARM/bin/../lib/gcc/arm-elf/4.1.1/../../../../arm-elf/lib/interwork/libc.a(mallocr.o)
                0x400034e4                __malloc_sbrk_base
                0x400030d8                __malloc_av_
                0x400034e0                __malloc_trim_threshold
 .data          0x400034e8        0x0 /cygdrive/c/Embedded/GNUARM/bin/../lib/gcc/arm-elf/4.1.1/../../../../arm-elf/lib/interwork/libc.a(memchr.o)
 .data          0x400034e8        0x0 /cygdrive/c/Embedded/GNUARM/bin/../lib/gcc/arm-elf/4.1.1/../../../../arm-elf/lib/interwork/libc.a(memmove.o)
 .data          0x400034e8        0x0 /cygdrive/c/Embedded/GNUARM/bin/../lib/gcc/arm-elf/4.1.1/../../../../arm-elf/lib/interwork/libc.a(memset.o)
 .data          0x400034e8        0x0 /cygdrive/c/Embedded/GNUARM/bin/../lib/gcc/arm-elf/4.1.1/../../../../arm-elf/lib/interwork/libc.a(mlock.o)
 .data          0x400034e8        0x0 /cygdrive/c/Embedded/GNUARM/bin/../lib/gcc/arm-elf/4.1.1/../../../../arm-elf/lib/interwork/libc.a(mprec.o)
 .data          0x400034e8        0x0 /cygdrive/c/Embedded/GNUARM/bin/../lib/gcc/arm-elf/4.1.1/../../../../arm-elf/lib/interwork/libc.a(reallocr.o)
 .data          0x400034e8        0x0 /cygdrive/c/Embedded/GNUARM/bin/../lib/gcc/arm-elf/4.1.1/../../../../arm-elf/lib/interwork/libc.a(s_isinf.o)
 .data          0x400034e8        0x0 /cygdrive/c/Embedded/GNUARM/bin/../lib/gcc/arm-elf/4.1.1/../../../../arm-elf/lib/interwork/libc.a(s_isnan.o)
 .data          0x400034e8        0x0 /cygdrive/c/Embedded/GNUARM/bin/../lib/gcc/arm-elf/4.1.1/../../../../arm-elf/lib/interwork/libc.a(sbrkr.o)
 .data          0x400034e8        0x0 /cygdrive/c/Embedded/GNUARM/bin/../lib/gcc/arm-elf/4.1.1/../../../../arm-elf/lib/interwork/libc.a(stdio.o)
 .data          0x400034e8        0x0 /cygdrive/c/Embedded/GNUARM/bin/../lib/gcc/arm-elf/4.1.1/../../../../arm-elf/lib/interwork/libc.a(strcmp.o)
 .data          0x400034e8        0x0 /cygdrive/c/Embedded/GNUARM/bin/../lib/gcc/arm-elf/4.1.1/../../../../arm-elf/lib/interwork/libc.a(syscalls.o)
 .data          0x400034e8        0x0 /cygdrive/c/Embedded/GNUARM/bin/../lib/gcc/arm-elf/4.1.1/../../../../arm-elf/lib/interwork/libc.a(writer.o)
 .data          0x400034e8        0x0 /cygdrive/c/Embedded/GNUARM/bin/../lib/gcc/arm-elf/4.1.1/../../../../arm-elf/lib/interwork/libc.a(callocr.o)
 .data          0x400034e8        0x0 /cygdrive/c/Embedded/GNUARM/bin/../lib/gcc/arm-elf/4.1.1/../../../../arm-elf/lib/interwork/libc.a(closer.o)
 .data          0x400034e8        0x0 /cygdrive/c/Embedded/GNUARM/bin/../lib/gcc/arm-elf/4.1.1/../../../../arm-elf/lib/interwork/libc.a(errno.o)
 .data          0x400034e8        0x0 /cygdrive/c/Embedded/GNUARM/bin/../lib/gcc/arm-elf/4.1.1/../../../../arm-elf/lib/interwork/libc.a(fclose.o)
 .data          0x400034e8        0x0 /cygdrive/c/Embedded/GNUARM/bin/../lib/gcc/arm-elf/4.1.1/../../../../arm-elf/lib/interwork/libc.a(fstatr.o)
 .data          0x400034e8        0x0 /cygdrive/c/Embedded/GNUARM/bin/../lib/gcc/arm-elf/4.1.1/../../../../arm-elf/lib/interwork/libc.a(lseekr.o)
 .data          0x400034e8        0x0 /cygdrive/c/Embedded/GNUARM/bin/../lib/gcc/arm-elf/4.1.1/../../../../arm-elf/lib/interwork/libc.a(readr.o)
 .data          0x400034e8        0x0 /cygdrive/c/Embedded/GNUARM/bin/../lib/gcc/arm-elf/4.1.1/../../../../arm-elf/lib/interwork/libc.a(reent.o)
 .data          0x400034e8        0x0 /cygdrive/c/Embedded/GNUARM/bin/../lib/gcc/arm-elf/4.1.1/interwork/libgcc.a(_addsubdf3.o)
 .data          0x400034e8        0x0 /cygdrive/c/Embedded/GNUARM/bin/../lib/gcc/arm-elf/4.1.1/interwork/libgcc.a(_muldivdf3.o)
 .data          0x400034e8        0x0 /cygdrive/c/Embedded/GNUARM/bin/../lib/gcc/arm-elf/4.1.1/interwork/libgcc.a(_cmpdf2.o)
 .data          0x400034e8        0x0 /cygdrive/c/Embedded/GNUARM/bin/../lib/gcc/arm-elf/4.1.1/interwork/libgcc.a(_fixdfsi.o)
                0x400034e8                . = ALIGN (0x4)
                0x400034e8                _edata = .
                0x400034e8                PROVIDE (edata, .)

.bss            0x400034e8     0x1d58
                0x400034e8                _bss = .
                0x400034e8                __bss_start = .
                0x400034e8                __bss_start__ = .
 *(.bss)
 .bss           0x400034e8      0x99c main.o
                0x400034ec                kolorDiody
                0x400034e8                msClock
 .bss           0x40003e84        0x0 eeprom.o
 .bss           0x40003e84        0x0 i2c.o
 .bss           0x40003e84       0x14 uart.o
                0x40003e8c                uart1TxRunning
                0x40003e84                uart1TxHead
                0x40003e88                uart1TxTail
                0x40003e90                uart1RxHead
                0x40003e94                uart1RxTail
 .bss           0x40003e98        0x0 testAdc.o
 .bss           0x40003e98        0x0 testLcd.o
 .bss           0x40003e98        0x0 testRGB.o
 .bss           0x40003e98        0x6 lcd.o
 .bss           0x40003e9e        0x0 lcd_hw.o
 .bss           0x40003e9e      0x134 key.o
 .bss           0x40003fd2        0x0 functions.o
 .bss           0x40003fd2        0x0 irq/irq_code.a(irqUart.o)
 .bss           0x40003fd2        0x0 ../startup/libea_startup_thumb.a(consol.o)
 .bss           0x40003fd2        0x0 ../startup/libea_startup_thumb.a(startup.o)
 .bss           0x40003fd2        0x0 ../startup/libea_startup_thumb.a(framework.o)
 *fill*         0x40003fd2        0x2 00
 .bss           0x40003fd4       0x2c ../pre_emptive_os/pre_emptive_os.a(kernel.o)
                0x40003fd4                osLockNesting
                0x40003fd8                pNxtToRun
                0x40003fdc                pRunProc
                0x40003fd5                isrNesting
 .bss           0x40004000        0x0 ../pre_emptive_os/pre_emptive_os.a(prioqueue.o)
 .bss           0x40004000      0x348 ../pre_emptive_os/pre_emptive_os.a(timer.o)
 .bss           0x40004348        0x0 ../pre_emptive_os/pre_emptive_os.a(stack_usage.o)
 .bss           0x40004348        0x0 ../pre_emptive_os/pre_emptive_os.a(a7hal.o)
 .bss           0x40004348        0x0 ../pre_emptive_os/pre_emptive_os.a(a7hal_a.o)
 .bss           0x40004348        0x0 ../pre_emptive_os/pre_emptive_os.a(count_sem.o)
 .bss           0x40004348        0x0 ../pre_emptive_os/pre_emptive_os.a(event.o)
 .bss           0x40004348        0x4 pff2/pff2_sd.a(pff.o)
 .bss           0x4000434c        0x0 pff2/pff2_sd.a(diskio.o)
 .bss           0x4000434c        0x0 pff2/pff2_sd.a(sd.o)
 .bss           0x4000434c        0x0 pff2/pff2_sd.a(spi.o)
 .bss           0x4000434c        0x0 /cygdrive/c/Embedded/GNUARM/bin/../lib/gcc/arm-elf/4.1.1/interwork/libgcc.a(_udivsi3.o)
 .bss           0x4000434c        0x0 /cygdrive/c/Embedded/GNUARM/bin/../lib/gcc/arm-elf/4.1.1/interwork/libgcc.a(_divsi3.o)
 .bss           0x4000434c        0x0 /cygdrive/c/Embedded/GNUARM/bin/../lib/gcc/arm-elf/4.1.1/interwork/libgcc.a(_umodsi3.o)
 .bss           0x4000434c        0x0 /cygdrive/c/Embedded/GNUARM/bin/../lib/gcc/arm-elf/4.1.1/interwork/libgcc.a(_modsi3.o)
 .bss           0x4000434c        0x0 /cygdrive/c/Embedded/GNUARM/bin/../lib/gcc/arm-elf/4.1.1/interwork/libgcc.a(_dvmd_tls.o)
 .bss           0x4000434c        0x0 /cygdrive/c/Embedded/GNUARM/bin/../lib/gcc/arm-elf/4.1.1/interwork/libgcc.a(_call_via_rX.o)
 .bss           0x4000434c        0x0 /cygdrive/c/Embedded/GNUARM/bin/../lib/gcc/arm-elf/4.1.1/../../../../arm-elf/lib/interwork/libc.a(atoi.o)
 .bss           0x4000434c        0x0 /cygdrive/c/Embedded/GNUARM/bin/../lib/gcc/arm-elf/4.1.1/../../../../arm-elf/lib/interwork/libc.a(memcpy.o)
 .bss           0x4000434c        0x0 /cygdrive/c/Embedded/GNUARM/bin/../lib/gcc/arm-elf/4.1.1/../../../../arm-elf/lib/interwork/libc.a(printf.o)
 .bss           0x4000434c        0x0 /cygdrive/c/Embedded/GNUARM/bin/../lib/gcc/arm-elf/4.1.1/../../../../arm-elf/lib/interwork/libc.a(puts.o)
 .bss           0x4000434c        0x0 /cygdrive/c/Embedded/GNUARM/bin/../lib/gcc/arm-elf/4.1.1/../../../../arm-elf/lib/interwork/libc.a(strcat.o)
 .bss           0x4000434c        0x0 /cygdrive/c/Embedded/GNUARM/bin/../lib/gcc/arm-elf/4.1.1/../../../../arm-elf/lib/interwork/libc.a(strcpy.o)
 .bss           0x4000434c        0x0 /cygdrive/c/Embedded/GNUARM/bin/../lib/gcc/arm-elf/4.1.1/../../../../arm-elf/lib/interwork/libc.a(strlen.o)
 .bss           0x4000434c        0x0 /cygdrive/c/Embedded/GNUARM/bin/../lib/gcc/arm-elf/4.1.1/../../../../arm-elf/lib/interwork/libc.a(strncat.o)
 .bss           0x4000434c        0x0 /cygdrive/c/Embedded/GNUARM/bin/../lib/gcc/arm-elf/4.1.1/../../../../arm-elf/lib/interwork/libc.a(strncpy.o)
 .bss           0x4000434c        0x0 /cygdrive/c/Embedded/GNUARM/bin/../lib/gcc/arm-elf/4.1.1/../../../../arm-elf/lib/interwork/libc.a(strtol.o)
 .bss           0x4000434c        0x0 /cygdrive/c/Embedded/GNUARM/bin/../lib/gcc/arm-elf/4.1.1/../../../../arm-elf/lib/interwork/libc.a(vfprintf.o)
 .bss           0x4000434c        0x0 /cygdrive/c/Embedded/GNUARM/bin/../lib/gcc/arm-elf/4.1.1/../../../../arm-elf/lib/interwork/libc.a(wcrtomb.o)
 .bss           0x4000434c        0x0 /cygdrive/c/Embedded/GNUARM/bin/../lib/gcc/arm-elf/4.1.1/../../../../arm-elf/lib/interwork/libc.a(wcsrtombs.o)
 .bss           0x4000434c        0x0 /cygdrive/c/Embedded/GNUARM/bin/../lib/gcc/arm-elf/4.1.1/../../../../arm-elf/lib/interwork/libc.a(wctomb_r.o)
 .bss           0x4000434c        0x0 /cygdrive/c/Embedded/GNUARM/bin/../lib/gcc/arm-elf/4.1.1/../../../../arm-elf/lib/interwork/libc.a(wsetup.o)
 .bss           0x4000434c        0x0 /cygdrive/c/Embedded/GNUARM/bin/../lib/gcc/arm-elf/4.1.1/../../../../arm-elf/lib/interwork/libc.a(ctype_.o)
 .bss           0x4000434c        0x0 /cygdrive/c/Embedded/GNUARM/bin/../lib/gcc/arm-elf/4.1.1/../../../../arm-elf/lib/interwork/libc.a(dtoa.o)
 .bss           0x4000434c        0x0 /cygdrive/c/Embedded/GNUARM/bin/../lib/gcc/arm-elf/4.1.1/../../../../arm-elf/lib/interwork/libc.a(fflush.o)
 .bss           0x4000434c        0x0 /cygdrive/c/Embedded/GNUARM/bin/../lib/gcc/arm-elf/4.1.1/../../../../arm-elf/lib/interwork/libc.a(findfp.o)
 .bss           0x4000434c        0x0 /cygdrive/c/Embedded/GNUARM/bin/../lib/gcc/arm-elf/4.1.1/../../../../arm-elf/lib/interwork/libc.a(freer.o)
 .bss           0x4000434c        0x0 /cygdrive/c/Embedded/GNUARM/bin/../lib/gcc/arm-elf/4.1.1/../../../../arm-elf/lib/interwork/libc.a(fvwrite.o)
 .bss           0x4000434c        0x0 /cygdrive/c/Embedded/GNUARM/bin/../lib/gcc/arm-elf/4.1.1/../../../../arm-elf/lib/interwork/libc.a(fwalk.o)
 .bss           0x4000434c        0x0 /cygdrive/c/Embedded/GNUARM/bin/../lib/gcc/arm-elf/4.1.1/../../../../arm-elf/lib/interwork/libc.a(impure.o)
 .bss           0x4000434c        0xc /cygdrive/c/Embedded/GNUARM/bin/../lib/gcc/arm-elf/4.1.1/../../../../arm-elf/lib/interwork/libc.a(locale.o)
                0x4000434c                __nlocale_changed
                0x40004350                __mlocale_changed
                0x40004354                _PathLocale
 .bss           0x40004358        0x0 /cygdrive/c/Embedded/GNUARM/bin/../lib/gcc/arm-elf/4.1.1/../../../../arm-elf/lib/interwork/libc.a(makebuf.o)
 .bss           0x40004358       0x34 /cygdrive/c/Embedded/GNUARM/bin/../lib/gcc/arm-elf/4.1.1/../../../../arm-elf/lib/interwork/libc.a(mallocr.o)
                0x40004358                __malloc_top_pad
                0x4000435c                __malloc_max_sbrked_mem
                0x40004364                __malloc_current_mallinfo
                0x40004360                __malloc_max_total_mem
 .bss           0x4000438c        0x0 /cygdrive/c/Embedded/GNUARM/bin/../lib/gcc/arm-elf/4.1.1/../../../../arm-elf/lib/interwork/libc.a(memchr.o)
 .bss           0x4000438c        0x0 /cygdrive/c/Embedded/GNUARM/bin/../lib/gcc/arm-elf/4.1.1/../../../../arm-elf/lib/interwork/libc.a(memmove.o)
 .bss           0x4000438c        0x0 /cygdrive/c/Embedded/GNUARM/bin/../lib/gcc/arm-elf/4.1.1/../../../../arm-elf/lib/interwork/libc.a(memset.o)
 .bss           0x4000438c        0x0 /cygdrive/c/Embedded/GNUARM/bin/../lib/gcc/arm-elf/4.1.1/../../../../arm-elf/lib/interwork/libc.a(mlock.o)
 .bss           0x4000438c        0x0 /cygdrive/c/Embedded/GNUARM/bin/../lib/gcc/arm-elf/4.1.1/../../../../arm-elf/lib/interwork/libc.a(mprec.o)
 .bss           0x4000438c        0x0 /cygdrive/c/Embedded/GNUARM/bin/../lib/gcc/arm-elf/4.1.1/../../../../arm-elf/lib/interwork/libc.a(reallocr.o)
 .bss           0x4000438c        0x0 /cygdrive/c/Embedded/GNUARM/bin/../lib/gcc/arm-elf/4.1.1/../../../../arm-elf/lib/interwork/libc.a(s_isinf.o)
 .bss           0x4000438c        0x0 /cygdrive/c/Embedded/GNUARM/bin/../lib/gcc/arm-elf/4.1.1/../../../../arm-elf/lib/interwork/libc.a(s_isnan.o)
 .bss           0x4000438c        0x0 /cygdrive/c/Embedded/GNUARM/bin/../lib/gcc/arm-elf/4.1.1/../../../../arm-elf/lib/interwork/libc.a(sbrkr.o)
 .bss           0x4000438c        0x0 /cygdrive/c/Embedded/GNUARM/bin/../lib/gcc/arm-elf/4.1.1/../../../../arm-elf/lib/interwork/libc.a(stdio.o)
 .bss           0x4000438c        0x0 /cygdrive/c/Embedded/GNUARM/bin/../lib/gcc/arm-elf/4.1.1/../../../../arm-elf/lib/interwork/libc.a(strcmp.o)
 .bss           0x4000438c       0xb0 /cygdrive/c/Embedded/GNUARM/bin/../lib/gcc/arm-elf/4.1.1/../../../../arm-elf/lib/interwork/libc.a(syscalls.o)
 .bss           0x4000443c        0x0 /cygdrive/c/Embedded/GNUARM/bin/../lib/gcc/arm-elf/4.1.1/../../../../arm-elf/lib/interwork/libc.a(writer.o)
 .bss           0x4000443c        0x0 /cygdrive/c/Embedded/GNUARM/bin/../lib/gcc/arm-elf/4.1.1/../../../../arm-elf/lib/interwork/libc.a(callocr.o)
 .bss           0x4000443c        0x0 /cygdrive/c/Embedded/GNUARM/bin/../lib/gcc/arm-elf/4.1.1/../../../../arm-elf/lib/interwork/libc.a(closer.o)
 .bss           0x4000443c        0x0 /cygdrive/c/Embedded/GNUARM/bin/../lib/gcc/arm-elf/4.1.1/../../../../arm-elf/lib/interwork/libc.a(errno.o)
 .bss           0x4000443c        0x0 /cygdrive/c/Embedded/GNUARM/bin/../lib/gcc/arm-elf/4.1.1/../../../../arm-elf/lib/interwork/libc.a(fclose.o)
 .bss           0x4000443c        0x0 /cygdrive/c/Embedded/GNUARM/bin/../lib/gcc/arm-elf/4.1.1/../../../../arm-elf/lib/interwork/libc.a(fstatr.o)
 .bss           0x4000443c        0x0 /cygdrive/c/Embedded/GNUARM/bin/../lib/gcc/arm-elf/4.1.1/../../../../arm-elf/lib/interwork/libc.a(lseekr.o)
 .bss           0x4000443c        0x0 /cygdrive/c/Embedded/GNUARM/bin/../lib/gcc/arm-elf/4.1.1/../../../../arm-elf/lib/interwork/libc.a(readr.o)
 .bss           0x4000443c        0x0 /cygdrive/c/Embedded/GNUARM/bin/../lib/gcc/arm-elf/4.1.1/../../../../arm-elf/lib/interwork/libc.a(reent.o)
 .bss           0x4000443c        0x0 /cygdrive/c/Embedded/GNUARM/bin/../lib/gcc/arm-elf/4.1.1/interwork/libgcc.a(_addsubdf3.o)
 .bss           0x4000443c        0x0 /cygdrive/c/Embedded/GNUARM/bin/../lib/gcc/arm-elf/4.1.1/interwork/libgcc.a(_muldivdf3.o)
 .bss           0x4000443c        0x0 /cygdrive/c/Embedded/GNUARM/bin/../lib/gcc/arm-elf/4.1.1/interwork/libgcc.a(_cmpdf2.o)
 .bss           0x4000443c        0x0 /cygdrive/c/Embedded/GNUARM/bin/../lib/gcc/arm-elf/4.1.1/interwork/libgcc.a(_fixdfsi.o)
 *(COMMON)
 COMMON         0x4000443c      0xc34 main.o
                0x4000443c                rc
                0x40004440                fatfs
                0x40004470                listaPlikow
 COMMON         0x40005070       0x80 uart.o
                0x40005070                uart1RxBuf
                0x400050b0                uart1TxBuf
 COMMON         0x400050f0       0x21 lcd.o
                0x400050f0                buf
 *fill*         0x40005111        0x3 00
 COMMON         0x40005114        0x8 ../startup/libea_startup_thumb.a(framework.o)
                0x40005114                pHeapEnd
                0x40005118                pHeapStart
 COMMON         0x4000511c       0xf0 ../pre_emptive_os/pre_emptive_os.a(kernel.o)
                0x4000511c                processControlBlocks
 COMMON         0x4000520c       0x1c pff2/pff2_sd.a(pff.o)
                0x4000520c                fs
                0x40005210                remain
                0x40005214                clst
                0x40005218                rcnt
                0x4000521c                sect
                0x40005220                rbuff
                0x40005224                dr
 COMMON         0x40005228       0x10 pff2/pff2_sd.a(diskio.o)
                0x40005228                firstblock
                0x4000522c                i
                0x40005230                c
                0x40005231                cardresp
                0x40005234                place
 COMMON         0x40005238        0x3 pff2/pff2_sd.a(sd.o)
                0x40005238                resp16
                0x4000523a                resp8b
 COMMON         0x4000523b        0x1 pff2/pff2_sd.a(spi.o)
                0x4000523b                incoming
 COMMON         0x4000523c        0x4 /cygdrive/c/Embedded/GNUARM/bin/../lib/gcc/arm-elf/4.1.1/../../../../arm-elf/lib/interwork/libc.a(reent.o)
                0x4000523c                errno
                0x40005240                . = ALIGN (0x4)
                0x40005240                . = ALIGN (0x4)
                0x40005240                __bss_end = .
                0x40005240                __bss_end__ = .
                0x40005240                _end = .
                0x40005240                PROVIDE (end, .)

.stab           0x00000000      0x600
 *(.stab)
 .stab          0x00000000      0x3c0 ../startup/libea_startup_thumb.a(startup.o)
 .stab          0x000003c0      0x240 ../pre_emptive_os/pre_emptive_os.a(a7hal_a.o)
                                0x24c (size before relaxing)

.stabstr        0x00000000       0x99
 *(.stabstr)
 .stabstr       0x00000000       0x99 ../startup/libea_startup_thumb.a(startup.o)

.stab.excl
 *(.stab.excl)

.stab.exclstr
 *(.stab.exclstr)

.stab.index
 *(.stab.index)

.stab.indexstr
 *(.stab.indexstr)

.comment        0x00000000      0x510
 *(.comment)
 .comment       0x00000000       0x12 main.o
 .comment       0x00000012       0x12 eeprom.o
 .comment       0x00000024       0x12 i2c.o
 .comment       0x00000036       0x12 uart.o
 .comment       0x00000048       0x12 testAdc.o
 .comment       0x0000005a       0x12 testLcd.o
 .comment       0x0000006c       0x12 testRGB.o
 .comment       0x0000007e       0x12 lcd.o
 .comment       0x00000090       0x12 lcd_hw.o
 .comment       0x000000a2       0x12 key.o
 .comment       0x000000b4       0x12 functions.o
 .comment       0x000000c6       0x12 irq/irq_code.a(irqUart.o)
 .comment       0x000000d8       0x12 ../startup/libea_startup_thumb.a(consol.o)
 .comment       0x000000ea       0x12 ../startup/libea_startup_thumb.a(framework.o)
 .comment       0x000000fc       0x12 ../pre_emptive_os/pre_emptive_os.a(kernel.o)
 .comment       0x0000010e       0x12 ../pre_emptive_os/pre_emptive_os.a(prioqueue.o)
 .comment       0x00000120       0x12 ../pre_emptive_os/pre_emptive_os.a(timer.o)
 .comment       0x00000132       0x12 ../pre_emptive_os/pre_emptive_os.a(stack_usage.o)
 .comment       0x00000144       0x12 ../pre_emptive_os/pre_emptive_os.a(a7hal.o)
 .comment       0x00000156       0x12 ../pre_emptive_os/pre_emptive_os.a(count_sem.o)
 .comment       0x00000168       0x12 ../pre_emptive_os/pre_emptive_os.a(event.o)
 .comment       0x0000017a       0x12 pff2/pff2_sd.a(pff.o)
 .comment       0x0000018c       0x12 pff2/pff2_sd.a(diskio.o)
 .comment       0x0000019e       0x12 pff2/pff2_sd.a(sd.o)
 .comment       0x000001b0       0x12 pff2/pff2_sd.a(spi.o)
 .comment       0x000001c2       0x12 /cygdrive/c/Embedded/GNUARM/bin/../lib/gcc/arm-elf/4.1.1/../../../../arm-elf/lib/interwork/libc.a(atoi.o)
 .comment       0x000001d4       0x12 /cygdrive/c/Embedded/GNUARM/bin/../lib/gcc/arm-elf/4.1.1/../../../../arm-elf/lib/interwork/libc.a(memcpy.o)
 .comment       0x000001e6       0x12 /cygdrive/c/Embedded/GNUARM/bin/../lib/gcc/arm-elf/4.1.1/../../../../arm-elf/lib/interwork/libc.a(printf.o)
 .comment       0x000001f8       0x12 /cygdrive/c/Embedded/GNUARM/bin/../lib/gcc/arm-elf/4.1.1/../../../../arm-elf/lib/interwork/libc.a(puts.o)
 .comment       0x0000020a       0x12 /cygdrive/c/Embedded/GNUARM/bin/../lib/gcc/arm-elf/4.1.1/../../../../arm-elf/lib/interwork/libc.a(strcat.o)
 .comment       0x0000021c       0x12 /cygdrive/c/Embedded/GNUARM/bin/../lib/gcc/arm-elf/4.1.1/../../../../arm-elf/lib/interwork/libc.a(strcpy.o)
 .comment       0x0000022e       0x12 /cygdrive/c/Embedded/GNUARM/bin/../lib/gcc/arm-elf/4.1.1/../../../../arm-elf/lib/interwork/libc.a(strlen.o)
 .comment       0x00000240       0x12 /cygdrive/c/Embedded/GNUARM/bin/../lib/gcc/arm-elf/4.1.1/../../../../arm-elf/lib/interwork/libc.a(strncat.o)
 .comment       0x00000252       0x12 /cygdrive/c/Embedded/GNUARM/bin/../lib/gcc/arm-elf/4.1.1/../../../../arm-elf/lib/interwork/libc.a(strncpy.o)
 .comment       0x00000264       0x12 /cygdrive/c/Embedded/GNUARM/bin/../lib/gcc/arm-elf/4.1.1/../../../../arm-elf/lib/interwork/libc.a(strtol.o)
 .comment       0x00000276       0x12 /cygdrive/c/Embedded/GNUARM/bin/../lib/gcc/arm-elf/4.1.1/../../../../arm-elf/lib/interwork/libc.a(vfprintf.o)
 .comment       0x00000288       0x12 /cygdrive/c/Embedded/GNUARM/bin/../lib/gcc/arm-elf/4.1.1/../../../../arm-elf/lib/interwork/libc.a(wcrtomb.o)
 .comment       0x0000029a       0x12 /cygdrive/c/Embedded/GNUARM/bin/../lib/gcc/arm-elf/4.1.1/../../../../arm-elf/lib/interwork/libc.a(wcsrtombs.o)
 .comment       0x000002ac       0x12 /cygdrive/c/Embedded/GNUARM/bin/../lib/gcc/arm-elf/4.1.1/../../../../arm-elf/lib/interwork/libc.a(wctomb_r.o)
 .comment       0x000002be       0x12 /cygdrive/c/Embedded/GNUARM/bin/../lib/gcc/arm-elf/4.1.1/../../../../arm-elf/lib/interwork/libc.a(wsetup.o)
 .comment       0x000002d0       0x12 /cygdrive/c/Embedded/GNUARM/bin/../lib/gcc/arm-elf/4.1.1/../../../../arm-elf/lib/interwork/libc.a(ctype_.o)
 .comment       0x000002e2       0x12 /cygdrive/c/Embedded/GNUARM/bin/../lib/gcc/arm-elf/4.1.1/../../../../arm-elf/lib/interwork/libc.a(dtoa.o)
 .comment       0x000002f4       0x12 /cygdrive/c/Embedded/GNUARM/bin/../lib/gcc/arm-elf/4.1.1/../../../../arm-elf/lib/interwork/libc.a(fflush.o)
 .comment       0x00000306       0x12 /cygdrive/c/Embedded/GNUARM/bin/../lib/gcc/arm-elf/4.1.1/../../../../arm-elf/lib/interwork/libc.a(findfp.o)
 .comment       0x00000318       0x12 /cygdrive/c/Embedded/GNUARM/bin/../lib/gcc/arm-elf/4.1.1/../../../../arm-elf/lib/interwork/libc.a(freer.o)
 .comment       0x0000032a       0x12 /cygdrive/c/Embedded/GNUARM/bin/../lib/gcc/arm-elf/4.1.1/../../../../arm-elf/lib/interwork/libc.a(fvwrite.o)
 .comment       0x0000033c       0x12 /cygdrive/c/Embedded/GNUARM/bin/../lib/gcc/arm-elf/4.1.1/../../../../arm-elf/lib/interwork/libc.a(fwalk.o)
 .comment       0x0000034e       0x12 /cygdrive/c/Embedded/GNUARM/bin/../lib/gcc/arm-elf/4.1.1/../../../../arm-elf/lib/interwork/libc.a(impure.o)
 .comment       0x00000360       0x12 /cygdrive/c/Embedded/GNUARM/bin/../lib/gcc/arm-elf/4.1.1/../../../../arm-elf/lib/interwork/libc.a(locale.o)
 .comment       0x00000372       0x12 /cygdrive/c/Embedded/GNUARM/bin/../lib/gcc/arm-elf/4.1.1/../../../../arm-elf/lib/interwork/libc.a(makebuf.o)
 .comment       0x00000384       0x12 /cygdrive/c/Embedded/GNUARM/bin/../lib/gcc/arm-elf/4.1.1/../../../../arm-elf/lib/interwork/libc.a(mallocr.o)
 .comment       0x00000396       0x12 /cygdrive/c/Embedded/GNUARM/bin/../lib/gcc/arm-elf/4.1.1/../../../../arm-elf/lib/interwork/libc.a(memchr.o)
 .comment       0x000003a8       0x12 /cygdrive/c/Embedded/GNUARM/bin/../lib/gcc/arm-elf/4.1.1/../../../../arm-elf/lib/interwork/libc.a(memmove.o)
 .comment       0x000003ba       0x12 /cygdrive/c/Embedded/GNUARM/bin/../lib/gcc/arm-elf/4.1.1/../../../../arm-elf/lib/interwork/libc.a(memset.o)
 .comment       0x000003cc       0x12 /cygdrive/c/Embedded/GNUARM/bin/../lib/gcc/arm-elf/4.1.1/../../../../arm-elf/lib/interwork/libc.a(mlock.o)
 .comment       0x000003de       0x12 /cygdrive/c/Embedded/GNUARM/bin/../lib/gcc/arm-elf/4.1.1/../../../../arm-elf/lib/interwork/libc.a(mprec.o)
 .comment       0x000003f0       0x12 /cygdrive/c/Embedded/GNUARM/bin/../lib/gcc/arm-elf/4.1.1/../../../../arm-elf/lib/interwork/libc.a(reallocr.o)
 .comment       0x00000402       0x12 /cygdrive/c/Embedded/GNUARM/bin/../lib/gcc/arm-elf/4.1.1/../../../../arm-elf/lib/interwork/libc.a(s_isinf.o)
 .comment       0x00000414       0x12 /cygdrive/c/Embedded/GNUARM/bin/../lib/gcc/arm-elf/4.1.1/../../../../arm-elf/lib/interwork/libc.a(s_isnan.o)
 .comment       0x00000426       0x12 /cygdrive/c/Embedded/GNUARM/bin/../lib/gcc/arm-elf/4.1.1/../../../../arm-elf/lib/interwork/libc.a(sbrkr.o)
 .comment       0x00000438       0x12 /cygdrive/c/Embedded/GNUARM/bin/../lib/gcc/arm-elf/4.1.1/../../../../arm-elf/lib/interwork/libc.a(stdio.o)
 .comment       0x0000044a       0x12 /cygdrive/c/Embedded/GNUARM/bin/../lib/gcc/arm-elf/4.1.1/../../../../arm-elf/lib/interwork/libc.a(strcmp.o)
 .comment       0x0000045c       0x12 /cygdrive/c/Embedded/GNUARM/bin/../lib/gcc/arm-elf/4.1.1/../../../../arm-elf/lib/interwork/libc.a(syscalls.o)
 .comment       0x0000046e       0x12 /cygdrive/c/Embedded/GNUARM/bin/../lib/gcc/arm-elf/4.1.1/../../../../arm-elf/lib/interwork/libc.a(writer.o)
 .comment       0x00000480       0x12 /cygdrive/c/Embedded/GNUARM/bin/../lib/gcc/arm-elf/4.1.1/../../../../arm-elf/lib/interwork/libc.a(callocr.o)
 .comment       0x00000492       0x12 /cygdrive/c/Embedded/GNUARM/bin/../lib/gcc/arm-elf/4.1.1/../../../../arm-elf/lib/interwork/libc.a(closer.o)
 .comment       0x000004a4       0x12 /cygdrive/c/Embedded/GNUARM/bin/../lib/gcc/arm-elf/4.1.1/../../../../arm-elf/lib/interwork/libc.a(errno.o)
 .comment       0x000004b6       0x12 /cygdrive/c/Embedded/GNUARM/bin/../lib/gcc/arm-elf/4.1.1/../../../../arm-elf/lib/interwork/libc.a(fclose.o)
 .comment       0x000004c8       0x12 /cygdrive/c/Embedded/GNUARM/bin/../lib/gcc/arm-elf/4.1.1/../../../../arm-elf/lib/interwork/libc.a(fstatr.o)
 .comment       0x000004da       0x12 /cygdrive/c/Embedded/GNUARM/bin/../lib/gcc/arm-elf/4.1.1/../../../../arm-elf/lib/interwork/libc.a(lseekr.o)
 .comment       0x000004ec       0x12 /cygdrive/c/Embedded/GNUARM/bin/../lib/gcc/arm-elf/4.1.1/../../../../arm-elf/lib/interwork/libc.a(readr.o)
 .comment       0x000004fe       0x12 /cygdrive/c/Embedded/GNUARM/bin/../lib/gcc/arm-elf/4.1.1/../../../../arm-elf/lib/interwork/libc.a(reent.o)

.debug
 *(.debug)

.line
 *(.line)

.debug_srcinfo
 *(.debug_srcinfo)

.debug_sfnames
 *(.debug_sfnames)

.debug_aranges  0x00000000      0x9c0
 *(.debug_aranges)
 .debug_aranges
                0x00000000       0x20 main.o
 .debug_aranges
                0x00000020       0x20 eeprom.o
 .debug_aranges
                0x00000040       0x20 i2c.o
 .debug_aranges
                0x00000060       0x20 uart.o
 .debug_aranges
                0x00000080       0x20 testAdc.o
 .debug_aranges
                0x000000a0       0x20 lcd.o
 .debug_aranges
                0x000000c0       0x20 lcd_hw.o
 .debug_aranges
                0x000000e0       0x20 key.o
 .debug_aranges
                0x00000100       0x20 functions.o
 .debug_aranges
                0x00000120       0x20 irq/irq_code.a(irqUart.o)
 .debug_aranges
                0x00000140       0x20 ../startup/libea_startup_thumb.a(consol.o)
 .debug_aranges
                0x00000160       0x20 ../startup/libea_startup_thumb.a(framework.o)
 .debug_aranges
                0x00000180       0x20 ../pre_emptive_os/pre_emptive_os.a(kernel.o)
 .debug_aranges
                0x000001a0       0x20 ../pre_emptive_os/pre_emptive_os.a(prioqueue.o)
 .debug_aranges
                0x000001c0       0x20 ../pre_emptive_os/pre_emptive_os.a(timer.o)
 .debug_aranges
                0x000001e0       0x20 ../pre_emptive_os/pre_emptive_os.a(stack_usage.o)
 .debug_aranges
                0x00000200       0x20 ../pre_emptive_os/pre_emptive_os.a(a7hal.o)
 .debug_aranges
                0x00000220       0x20 ../pre_emptive_os/pre_emptive_os.a(count_sem.o)
 .debug_aranges
                0x00000240       0x20 ../pre_emptive_os/pre_emptive_os.a(event.o)
 .debug_aranges
                0x00000260       0x20 pff2/pff2_sd.a(pff.o)
 .debug_aranges
                0x00000280       0x20 pff2/pff2_sd.a(diskio.o)
 .debug_aranges
                0x000002a0       0x20 pff2/pff2_sd.a(sd.o)
 .debug_aranges
                0x000002c0       0x20 pff2/pff2_sd.a(spi.o)
 .debug_aranges
                0x000002e0       0x20 /cygdrive/c/Embedded/GNUARM/bin/../lib/gcc/arm-elf/4.1.1/interwork/libgcc.a(_udivsi3.o)
 .debug_aranges
                0x00000300       0x20 /cygdrive/c/Embedded/GNUARM/bin/../lib/gcc/arm-elf/4.1.1/interwork/libgcc.a(_divsi3.o)
 .debug_aranges
                0x00000320       0x20 /cygdrive/c/Embedded/GNUARM/bin/../lib/gcc/arm-elf/4.1.1/interwork/libgcc.a(_umodsi3.o)
 .debug_aranges
                0x00000340       0x20 /cygdrive/c/Embedded/GNUARM/bin/../lib/gcc/arm-elf/4.1.1/interwork/libgcc.a(_modsi3.o)
 .debug_aranges
                0x00000360       0x20 /cygdrive/c/Embedded/GNUARM/bin/../lib/gcc/arm-elf/4.1.1/interwork/libgcc.a(_dvmd_tls.o)
 .debug_aranges
                0x00000380       0x20 /cygdrive/c/Embedded/GNUARM/bin/../lib/gcc/arm-elf/4.1.1/interwork/libgcc.a(_call_via_rX.o)
 .debug_aranges
                0x000003a0       0x20 /cygdrive/c/Embedded/GNUARM/bin/../lib/gcc/arm-elf/4.1.1/../../../../arm-elf/lib/interwork/libc.a(atoi.o)
 .debug_aranges
                0x000003c0       0x20 /cygdrive/c/Embedded/GNUARM/bin/../lib/gcc/arm-elf/4.1.1/../../../../arm-elf/lib/interwork/libc.a(memcpy.o)
 .debug_aranges
                0x000003e0       0x20 /cygdrive/c/Embedded/GNUARM/bin/../lib/gcc/arm-elf/4.1.1/../../../../arm-elf/lib/interwork/libc.a(printf.o)
 .debug_aranges
                0x00000400       0x20 /cygdrive/c/Embedded/GNUARM/bin/../lib/gcc/arm-elf/4.1.1/../../../../arm-elf/lib/interwork/libc.a(puts.o)
 .debug_aranges
                0x00000420       0x20 /cygdrive/c/Embedded/GNUARM/bin/../lib/gcc/arm-elf/4.1.1/../../../../arm-elf/lib/interwork/libc.a(strcat.o)
 .debug_aranges
                0x00000440       0x20 /cygdrive/c/Embedded/GNUARM/bin/../lib/gcc/arm-elf/4.1.1/../../../../arm-elf/lib/interwork/libc.a(strcpy.o)
 .debug_aranges
                0x00000460       0x20 /cygdrive/c/Embedded/GNUARM/bin/../lib/gcc/arm-elf/4.1.1/../../../../arm-elf/lib/interwork/libc.a(strlen.o)
 .debug_aranges
                0x00000480       0x20 /cygdrive/c/Embedded/GNUARM/bin/../lib/gcc/arm-elf/4.1.1/../../../../arm-elf/lib/interwork/libc.a(strncat.o)
 .debug_aranges
                0x000004a0       0x20 /cygdrive/c/Embedded/GNUARM/bin/../lib/gcc/arm-elf/4.1.1/../../../../arm-elf/lib/interwork/libc.a(strncpy.o)
 .debug_aranges
                0x000004c0       0x20 /cygdrive/c/Embedded/GNUARM/bin/../lib/gcc/arm-elf/4.1.1/../../../../arm-elf/lib/interwork/libc.a(strtol.o)
 .debug_aranges
                0x000004e0       0x20 /cygdrive/c/Embedded/GNUARM/bin/../lib/gcc/arm-elf/4.1.1/../../../../arm-elf/lib/interwork/libc.a(vfprintf.o)
 .debug_aranges
                0x00000500       0x20 /cygdrive/c/Embedded/GNUARM/bin/../lib/gcc/arm-elf/4.1.1/../../../../arm-elf/lib/interwork/libc.a(wcrtomb.o)
 .debug_aranges
                0x00000520       0x20 /cygdrive/c/Embedded/GNUARM/bin/../lib/gcc/arm-elf/4.1.1/../../../../arm-elf/lib/interwork/libc.a(wcsrtombs.o)
 .debug_aranges
                0x00000540       0x20 /cygdrive/c/Embedded/GNUARM/bin/../lib/gcc/arm-elf/4.1.1/../../../../arm-elf/lib/interwork/libc.a(wctomb_r.o)
 .debug_aranges
                0x00000560       0x20 /cygdrive/c/Embedded/GNUARM/bin/../lib/gcc/arm-elf/4.1.1/../../../../arm-elf/lib/interwork/libc.a(wsetup.o)
 .debug_aranges
                0x00000580       0x20 /cygdrive/c/Embedded/GNUARM/bin/../lib/gcc/arm-elf/4.1.1/../../../../arm-elf/lib/interwork/libc.a(dtoa.o)
 .debug_aranges
                0x000005a0       0x20 /cygdrive/c/Embedded/GNUARM/bin/../lib/gcc/arm-elf/4.1.1/../../../../arm-elf/lib/interwork/libc.a(fflush.o)
 .debug_aranges
                0x000005c0       0x20 /cygdrive/c/Embedded/GNUARM/bin/../lib/gcc/arm-elf/4.1.1/../../../../arm-elf/lib/interwork/libc.a(findfp.o)
 .debug_aranges
                0x000005e0       0x20 /cygdrive/c/Embedded/GNUARM/bin/../lib/gcc/arm-elf/4.1.1/../../../../arm-elf/lib/interwork/libc.a(freer.o)
 .debug_aranges
                0x00000600       0x20 /cygdrive/c/Embedded/GNUARM/bin/../lib/gcc/arm-elf/4.1.1/../../../../arm-elf/lib/interwork/libc.a(fvwrite.o)
 .debug_aranges
                0x00000620       0x20 /cygdrive/c/Embedded/GNUARM/bin/../lib/gcc/arm-elf/4.1.1/../../../../arm-elf/lib/interwork/libc.a(fwalk.o)
 .debug_aranges
                0x00000640       0x20 /cygdrive/c/Embedded/GNUARM/bin/../lib/gcc/arm-elf/4.1.1/../../../../arm-elf/lib/interwork/libc.a(locale.o)
 .debug_aranges
                0x00000660       0x20 /cygdrive/c/Embedded/GNUARM/bin/../lib/gcc/arm-elf/4.1.1/../../../../arm-elf/lib/interwork/libc.a(makebuf.o)
 .debug_aranges
                0x00000680       0x20 /cygdrive/c/Embedded/GNUARM/bin/../lib/gcc/arm-elf/4.1.1/../../../../arm-elf/lib/interwork/libc.a(mallocr.o)
 .debug_aranges
                0x000006a0       0x20 /cygdrive/c/Embedded/GNUARM/bin/../lib/gcc/arm-elf/4.1.1/../../../../arm-elf/lib/interwork/libc.a(memchr.o)
 .debug_aranges